

================================================================
== Vivado HLS Report for 'dut_calc_angle_float_float_s'
================================================================
* Date:           Tue Nov 15 03:39:07 2022

* Version:        2016.2 (Build 1577090 on Thu Jun 02 16:59:10 MDT 2016)
* Project:        pca.prj
* Solution:       solution1
* Product family: zynq
* Target device:  xc7z020clg484-1


================================================================
== Performance Estimates
================================================================
+ Timing (ns): 
    * Summary: 
    +--------+-------+----------+------------+
    |  Clock | Target| Estimated| Uncertainty|
    +--------+-------+----------+------------+
    |ap_clk  |  10.00|      7.65|        1.25|
    +--------+-------+----------+------------+

+ Latency (clock cycles): 
    * Summary: 
    +-----+-----+-----+-----+---------+
    |  Latency  |  Interval | Pipeline|
    | min | max | min | max |   Type  |
    +-----+-----+-----+-----+---------+
    |    1|   87|    1|   87|   none  |
    +-----+-----+-----+-----+---------+

    + Detail: 
        * Instance: 
        N/A

        * Loop: 
        N/A



================================================================
== Utilization Estimates
================================================================
* Summary: 
+-----------------+---------+-------+--------+-------+
|       Name      | BRAM_18K| DSP48E|   FF   |  LUT  |
+-----------------+---------+-------+--------+-------+
|DSP              |        -|      -|       -|      -|
|Expression       |        -|      -|       0|    124|
|FIFO             |        -|      -|       -|      -|
|Instance         |        -|     14|    1354|   2121|
|Memory           |        -|      -|       -|      -|
|Multiplexer      |        -|      -|       -|    624|
|Register         |        -|      -|     431|      -|
+-----------------+---------+-------+--------+-------+
|Total            |        0|     14|    1785|   2869|
+-----------------+---------+-------+--------+-------+
|Available        |      280|    220|  106400|  53200|
+-----------------+---------+-------+--------+-------+
|Utilization (%)  |        0|      6|       1|      5|
+-----------------+---------+-------+--------+-------+

+ Detail: 
    * Instance: 
    +------------------------------------------+--------------------------------------+---------+-------+-----+-----+
    |                 Instance                 |                Module                | BRAM_18K| DSP48E|  FF | LUT |
    +------------------------------------------+--------------------------------------+---------+-------+-----+-----+
    |dut_faddfsub_32ns_32ns_32_5_full_dsp_U21  |dut_faddfsub_32ns_32ns_32_5_full_dsp  |        0|      2|  205|  390|
    |dut_fdiv_32ns_32ns_32_16_U23              |dut_fdiv_32ns_32ns_32_16              |        0|      0|  761|  994|
    |dut_fmul_32ns_32ns_32_4_max_dsp_U22       |dut_fmul_32ns_32ns_32_4_max_dsp       |        0|      3|  143|  321|
    |dut_frsqrt_32ns_32ns_32_11_full_dsp_U24   |dut_frsqrt_32ns_32ns_32_11_full_dsp   |        0|      9|  245|  416|
    +------------------------------------------+--------------------------------------+---------+-------+-----+-----+
    |Total                                     |                                      |        0|     14| 1354| 2121|
    +------------------------------------------+--------------------------------------+---------+-------+-----+-----+

    * DSP48: 
    N/A

    * Memory: 
    N/A

    * FIFO: 
    N/A

    * Expression: 
    +-------------------------+----------+-------+---+----+------------+------------+
    |      Variable Name      | Operation| DSP48E| FF| LUT| Bitwidth P0| Bitwidth P1|
    +-------------------------+----------+-------+---+----+------------+------------+
    |r_V_1_fu_203_p2          |     +    |      0|  0|   9|           9|           5|
    |r_V_fu_175_p2            |     +    |      0|  0|   9|           9|           5|
    |notrhs_i1_fu_215_p2      |   icmp   |      0|  0|   3|           8|           1|
    |notrhs_i_fu_191_p2       |   icmp   |      0|  0|   3|           8|           1|
    |ult3_fu_209_p2           |   icmp   |      0|  0|   3|           9|           9|
    |ult_fu_185_p2            |   icmp   |      0|  0|   3|           9|           9|
    |demorgan5_fu_221_p2      |    or    |      0|  0|   1|           1|           1|
    |demorgan_fu_197_p2       |    or    |      0|  0|   1|           1|           1|
    |cosThetaAdiv2_fu_243_p3  |  select  |      0|  0|  30|           1|           1|
    |sinThetaAdiv2_fu_251_p3  |  select  |      0|  0|  30|           1|          30|
    |storemerge1_fu_235_p3    |  select  |      0|  0|  32|           1|          32|
    +-------------------------+----------+-------+---+----+------------+------------+
    |Total                    |          |      0|  0| 124|          57|          95|
    +-------------------------+----------+-------+---+----+------------+------------+

    * Multiplexer: 
    +-----------------------------------------+-----+-----------+-----+-----------+
    |                   Name                  | LUT | Input Size| Bits| Total Bits|
    +-----------------------------------------+-----+-----------+-----+-----------+
    |ap_NS_fsm                                |  238|        109|    1|        109|
    |ap_return_0                              |   32|          2|   32|         64|
    |ap_return_1                              |   32|          2|   32|         64|
    |cosThetaAdiv2_write_assign_phi_fu_61_p6  |   32|          2|   32|         64|
    |cosThetaAdiv2_write_assign_reg_58        |   32|          3|   32|         96|
    |grp_fu_82_opcode                         |    2|          3|    2|          6|
    |grp_fu_82_p0                             |   32|          3|   32|         96|
    |grp_fu_82_p1                             |   32|          3|   32|         96|
    |grp_fu_88_p0                             |   32|          6|   32|        192|
    |grp_fu_88_p1                             |   32|          5|   32|        160|
    |grp_fu_96_p0                             |   32|          4|   32|        128|
    |grp_fu_96_p1                             |   32|          4|   32|        128|
    |sinThetaAdiv2_write_assign_phi_fu_73_p6  |   32|          2|   32|         64|
    |sinThetaAdiv2_write_assign_reg_69        |   32|          3|   32|         96|
    +-----------------------------------------+-----+-----------+-----+-----------+
    |Total                                    |  624|        151|  387|       1363|
    +-----------------------------------------+-----+-----------+-----+-----------+

    * Register: 
    +-----------------------------------+-----+----+-----+-----------+
    |                Name               |  FF | LUT| Bits| Const Bits|
    +-----------------------------------+-----+----+-----+-----------+
    |ap_CS_fsm                          |  108|   0|  108|          0|
    |ap_return_0_preg                   |   32|   0|   32|          0|
    |ap_return_1_preg                   |   32|   0|   32|          0|
    |cosThetaAdiv2_write_assign_reg_58  |   32|   0|   32|          0|
    |demorgan5_reg_309                  |    1|   0|    1|          0|
    |demorgan_reg_305                   |    1|   0|    1|          0|
    |p_Result_16_reg_313                |    1|   0|    1|          0|
    |reg_114                            |   32|   0|   32|          0|
    |reg_121                            |   32|   0|   32|          0|
    |reg_128                            |   32|   0|   32|          0|
    |reg_135                            |   32|   0|   32|          0|
    |sinThetaA_int_reg_338              |   32|   0|   32|          0|
    |sinThetaAdiv2_write_assign_reg_69  |   32|   0|   32|          0|
    |tanThetaAdiv_reg_48                |   32|   0|   32|          0|
    +-----------------------------------+-----+----+-----+-----------+
    |Total                              |  431|   0|  431|          0|
    +-----------------------------------+-----+----+-----+-----------+



================================================================
== Interface
================================================================
* Summary: 
+-------------+-----+-----+------------+------------------------------+--------------+
|  RTL Ports  | Dir | Bits|  Protocol  |         Source Object        |    C Type    |
+-------------+-----+-----+------------+------------------------------+--------------+
|ap_clk       |  in |    1| ap_ctrl_hs | dut_calc_angle<float, float> | return value |
|ap_rst       |  in |    1| ap_ctrl_hs | dut_calc_angle<float, float> | return value |
|ap_start     |  in |    1| ap_ctrl_hs | dut_calc_angle<float, float> | return value |
|ap_done      | out |    1| ap_ctrl_hs | dut_calc_angle<float, float> | return value |
|ap_idle      | out |    1| ap_ctrl_hs | dut_calc_angle<float, float> | return value |
|ap_ready     | out |    1| ap_ctrl_hs | dut_calc_angle<float, float> | return value |
|ap_return_0  | out |   32| ap_ctrl_hs | dut_calc_angle<float, float> | return value |
|ap_return_1  | out |   32| ap_ctrl_hs | dut_calc_angle<float, float> | return value |
|A_M_real     |  in |   32|   ap_none  |           A_M_real           |    scalar    |
|A_M_imag     |  in |   32|   ap_none  |           A_M_imag           |    scalar    |
+-------------+-----+-----+------------+------------------------------+--------------+

