

================================================================
== Vivado HLS Report for 'dut_svd_pairs'
================================================================
* Date:           Fri Nov 11 19:00:05 2022

* Version:        2016.2 (Build 1577090 on Thu Jun 02 16:59:10 MDT 2016)
* Project:        pca.prj
* Solution:       solution1
* Product family: zynq
* Target device:  xc7z020clg484-1


================================================================
== Performance Estimates
================================================================
+ Timing (ns): 
    * Summary: 
    +--------+-------+----------+------------+
    |  Clock | Target| Estimated| Uncertainty|
    +--------+-------+----------+------------+
    |ap_clk  |  10.00|     14.33|        1.25|
    +--------+-------+----------+------------+

+ Latency (clock cycles): 
    * Summary: 
    +-------------+-------------+-------------+-------------+---------+
    |          Latency          |          Interval         | Pipeline|
    |     min     |     max     |     min     |     max     |   Type  |
    +-------------+-------------+-------------+-------------+---------+
    |  31318299336|  31321368696|  31318299336|  31321368696|   none  |
    +-------------+-------------+-------------+-------------+---------+

    + Detail: 
        * Instance: 
        N/A

        * Loop: 
        +------------------------------+-------------+-------------+-------------------+-----------+-----------+--------+----------+
        |                              |          Latency          |     Iteration     |  Initiation Interval  |  Trip  |          |
        |           Loop Name          |     min     |     max     |      Latency      |  achieved |   target  |  Count | Pipelined|
        +------------------------------+-------------+-------------+-------------------+-----------+-----------+--------+----------+
        |- col_load                    |       309680|       309680|                790|          -|          -|     392|    no    |
        | + row_load                   |          787|          787|                  5|          1|          1|     784|    yes   |
        |- sweep_loop_step_loop        |  31317682320|  31320751680| 3999704 ~ 4000096 |          -|          -|    7830|    no    |
        | + diag_index_update          |         1176|         1568|       3 ~ 4       |          -|          -|     392|    no    |
        | + diag_px                    |         3256|         3256|                129|          8|          8|     392|    yes   |
        | + off_diag_px_off_diag_loop  |      3995266|      3995266|                 29|         26|          8|  153664|    yes   |
        |- col_store_row_store         |       307332|       307332|                  6|          1|          1|  307328|    yes   |
        +------------------------------+-------------+-------------+-------------------+-----------+-----------+--------+----------+



================================================================
== Utilization Estimates
================================================================
* Summary: 
+-----------------+---------+-------+--------+-------+
|       Name      | BRAM_18K| DSP48E|   FF   |  LUT  |
+-----------------+---------+-------+--------+-------+
|DSP              |        -|      2|       -|      -|
|Expression       |        -|      5|       0|   3139|
|FIFO             |        -|      -|       -|      -|
|Instance         |        -|     41|    2970|   5538|
|Memory           |    12304|      -|     384|      0|
|Multiplexer      |        -|      -|       -|   3135|
|Register         |        -|      -|    4918|    413|
+-----------------+---------+-------+--------+-------+
|Total            |    12304|     48|    8272|  12225|
+-----------------+---------+-------+--------+-------+
|Available        |      280|    220|  106400|  53200|
+-----------------+---------+-------+--------+-------+
|Utilization (%)  |     4394|     21|       7|     22|
+-----------------+---------+-------+--------+-------+

+ Detail: 
    * Instance: 
    +------------------------------------------+--------------------------------------+---------+-------+-----+-----+
    |                 Instance                 |                Module                | BRAM_18K| DSP48E|  FF | LUT |
    +------------------------------------------+--------------------------------------+---------+-------+-----+-----+
    |dut_fadd_32ns_32ns_32_5_full_dsp_U19      |dut_fadd_32ns_32ns_32_5_full_dsp      |        0|      2|  205|  390|
    |dut_fadd_32ns_32ns_32_5_full_dsp_U20      |dut_fadd_32ns_32ns_32_5_full_dsp      |        0|      2|  205|  390|
    |dut_fadd_32ns_32ns_32_5_full_dsp_U21      |dut_fadd_32ns_32ns_32_5_full_dsp      |        0|      2|  205|  390|
    |dut_faddfsub_32ns_32ns_32_5_full_dsp_U18  |dut_faddfsub_32ns_32ns_32_5_full_dsp  |        0|      2|  205|  390|
    |dut_fdiv_32ns_32ns_32_16_U30              |dut_fdiv_32ns_32ns_32_16              |        0|      0|  761|  994|
    |dut_fmul_32ns_32ns_32_4_max_dsp_U22       |dut_fmul_32ns_32ns_32_4_max_dsp       |        0|      3|  143|  321|
    |dut_fmul_32ns_32ns_32_4_max_dsp_U23       |dut_fmul_32ns_32ns_32_4_max_dsp       |        0|      3|  143|  321|
    |dut_fmul_32ns_32ns_32_4_max_dsp_U24       |dut_fmul_32ns_32ns_32_4_max_dsp       |        0|      3|  143|  321|
    |dut_fmul_32ns_32ns_32_4_max_dsp_U25       |dut_fmul_32ns_32ns_32_4_max_dsp       |        0|      3|  143|  321|
    |dut_fmul_32ns_32ns_32_4_max_dsp_U26       |dut_fmul_32ns_32ns_32_4_max_dsp       |        0|      3|  143|  321|
    |dut_fmul_32ns_32ns_32_4_max_dsp_U27       |dut_fmul_32ns_32ns_32_4_max_dsp       |        0|      3|  143|  321|
    |dut_fmul_32ns_32ns_32_4_max_dsp_U28       |dut_fmul_32ns_32ns_32_4_max_dsp       |        0|      3|  143|  321|
    |dut_fmul_32ns_32ns_32_4_max_dsp_U29       |dut_fmul_32ns_32ns_32_4_max_dsp       |        0|      3|  143|  321|
    |dut_frsqrt_32ns_32ns_32_11_full_dsp_U31   |dut_frsqrt_32ns_32ns_32_11_full_dsp   |        0|      9|  245|  416|
    +------------------------------------------+--------------------------------------+---------+-------+-----+-----+
    |Total                                     |                                      |        0|     41| 2970| 5538|
    +------------------------------------------+--------------------------------------+---------+-------+-----+-----+

    * DSP48: 
    +---------------------------------------+-----------------------------------+--------------+
    |                Instance               |               Module              |  Expression  |
    +---------------------------------------+-----------------------------------+--------------+
    |dut_mac_muladd_9ns_12ns_10ns_20_1_U33  |dut_mac_muladd_9ns_12ns_10ns_20_1  | i0 + i1 * i2 |
    |dut_mul_mul_11ns_11s_21_1_U32          |dut_mul_mul_11ns_11s_21_1          |    i0 * i1   |
    +---------------------------------------+-----------------------------------+--------------+

    * Memory: 
    +--------------+--------------------------+---------+----+----+--------+-----+------+-------------+
    |    Memory    |          Module          | BRAM_18K| FF | LUT|  Words | Bits| Banks| W*Bits*Banks|
    +--------------+--------------------------+---------+----+----+--------+-----+------+-------------+
    |diag1_i_U     |dut_svd_pairs_diag1_i     |        2|   0|   0|     784|   32|     1|        25088|
    |diag2_i_U     |dut_svd_pairs_diag1_i     |        2|   0|   0|     784|   32|     1|        25088|
    |diag_w_out_U  |dut_svd_pairs_diag_w_out  |        1|   0|   0|     392|   32|     1|        12544|
    |diag_x_out_U  |dut_svd_pairs_diag_w_out  |        1|   0|   0|     392|   32|     1|        12544|
    |diag_y_out_U  |dut_svd_pairs_diag_w_out  |        1|   0|   0|     392|   32|     1|        12544|
    |diag_z_out_U  |dut_svd_pairs_diag_w_out  |        1|   0|   0|     392|   32|     1|        12544|
    |uw_new_U      |dut_svd_pairs_diag_w_out  |        1|   0|   0|     392|   32|     1|        12544|
    |ux_new_U      |dut_svd_pairs_diag_w_out  |        1|   0|   0|     392|   32|     1|        12544|
    |uy_new_U      |dut_svd_pairs_diag_w_out  |        1|   0|   0|     392|   32|     1|        12544|
    |uz_new_U      |dut_svd_pairs_diag_w_out  |        1|   0|   0|     392|   32|     1|        12544|
    |vw_new_U      |dut_svd_pairs_diag_w_out  |        1|   0|   0|     392|   32|     1|        12544|
    |vx_new_U      |dut_svd_pairs_diag_w_out  |        1|   0|   0|     392|   32|     1|        12544|
    |vy_new_U      |dut_svd_pairs_diag_w_out  |        1|   0|   0|     392|   32|     1|        12544|
    |vz_new_U      |dut_svd_pairs_diag_w_out  |        1|   0|   0|     392|   32|     1|        12544|
    |s_col1_U      |dut_svd_pairs_s_col1      |     2048|  64|   0|  614656|   32|     1|     19668992|
    |s_col2_U      |dut_svd_pairs_s_col1      |     2048|  64|   0|  614656|   32|     1|     19668992|
    |u_col1_U      |dut_svd_pairs_s_col1      |     2048|  64|   0|  614656|   32|     1|     19668992|
    |u_col2_U      |dut_svd_pairs_s_col1      |     2048|  64|   0|  614656|   32|     1|     19668992|
    |v_col1_U      |dut_svd_pairs_s_col1      |     2048|  64|   0|  614656|   32|     1|     19668992|
    |v_col2_U      |dut_svd_pairs_s_col1      |     2048|  64|   0|  614656|   32|     1|     19668992|
    +--------------+--------------------------+---------+----+----+--------+-----+------+-------------+
    |Total         |                          |    12304| 384|   0| 3694208|  640|    20|    118214656|
    +--------------+--------------------------+---------+----+----+--------+-----+------+-------------+

    * FIFO: 
    N/A

    * Expression: 
    +---------------------------------+----------+-------+---+----+------------+------------+
    |          Variable Name          | Operation| DSP48E| FF| LUT| Bitwidth P0| Bitwidth P1|
    +---------------------------------+----------+-------+---+----+------------+------------+
    |tmp_132_fu_2845_p2               |     *    |      1|  0|   0|          10|          10|
    |tmp_134_fu_2885_p2               |     *    |      1|  0|   0|          10|          10|
    |tmp_137_fu_2783_p2               |     *    |      1|  0|   0|          10|          10|
    |tmp_29_fu_2117_p2                |     *    |      1|  0|   0|          10|          10|
    |tmp_8_fu_3444_p2                 |     *    |      1|  0|   0|          10|          10|
    |col_1_fu_1773_p2                 |     +    |      0|  0|   9|           9|           1|
    |col_2_fu_3392_p2                 |     +    |      0|  0|   9|           9|           1|
    |indvar_flatten_next1_fu_3386_p2  |     +    |      0|  0|  19|          19|           1|
    |indvar_flatten_next2_fu_1876_p2  |     +    |      0|  0|  13|          13|           1|
    |indvar_flatten_next_fu_2711_p2   |     +    |      0|  0|  18|          18|           1|
    |next_mul1_fu_1761_p2             |     +    |      0|  0|  20|          20|          11|
    |next_mul_fu_1833_p2              |     +    |      0|  0|  20|          20|          10|
    |off_px_1_fu_2818_p2              |     +    |      0|  0|   9|           9|           1|
    |px_1_fu_2014_p2                  |     +    |      0|  0|   9|           9|           1|
    |px_2_fu_2689_p2                  |     +    |      0|  0|   9|           9|           1|
    |px_2_mid1_fu_2758_p2             |     +    |      0|  0|   9|           2|           9|
    |px_3_fu_2085_p2                  |     +    |      0|  0|   9|           9|           1|
    |r_V_1_fu_2273_p2                 |     +    |      0|  0|   9|           9|           5|
    |r_V_2_fu_2344_p2                 |     +    |      0|  0|   9|           9|           5|
    |r_V_3_fu_2372_p2                 |     +    |      0|  0|   9|           9|           5|
    |r_V_fu_2245_p2                   |     +    |      0|  0|   9|           5|           9|
    |row_1_fu_1823_p2                 |     +    |      0|  0|  10|          10|           1|
    |row_2_fu_3420_p2                 |     +    |      0|  0|  10|          10|           1|
    |step_1_fu_3375_p2                |     +    |      0|  0|  10|          10|           1|
    |sweepnum_1_fu_1882_p2            |     +    |      0|  0|   4|           1|           4|
    |tmp_10_fu_3483_p2                |     +    |      0|  0|  20|          20|          20|
    |tmp_140_fu_2807_p2               |     +    |      0|  0|  10|          10|          10|
    |tmp_144_fu_2903_p2               |     +    |      0|  0|  21|          21|          21|
    |tmp_145_fu_3216_p2               |     +    |      0|  0|  21|          21|          21|
    |tmp_146_fu_3230_p2               |     +    |      0|  0|  21|          21|          21|
    |tmp_147_fu_3241_p2               |     +    |      0|  0|  21|          21|          21|
    |tmp_149_fu_2917_p2               |     +    |      0|  0|  21|          21|          21|
    |tmp_14_fu_1839_p2                |     +    |      0|  0|  20|          20|          20|
    |tmp_150_fu_3252_p2               |     +    |      0|  0|  21|          21|          21|
    |tmp_151_fu_3256_p2               |     +    |      0|  0|  21|          21|          21|
    |tmp_152_fu_3260_p2               |     +    |      0|  0|  21|          21|          21|
    |tmp_15_fu_1849_p2                |     +    |      0|  0|  20|          20|          20|
    |tmp_16_fu_1859_p2                |     +    |      0|  0|  20|          20|          20|
    |tmp_26_fu_2056_p2                |     +    |      0|  0|   9|           9|           2|
    |tmp_27_fu_2095_p2                |     +    |      0|  0|  10|          10|          10|
    |tmp_33_fu_2139_p2                |     +    |      0|  0|  21|          21|          21|
    |tmp_37_fu_2153_p2                |     +    |      0|  0|  21|          21|          21|
    |tmp_38_mid2_v_fu_3199_p2         |     +    |      0|  0|  10|           2|          10|
    |tmp_42_fu_2672_p2                |     +    |      0|  0|  10|          10|          10|
    |tmp_47_fu_2036_p2                |     +    |      0|  0|  10|          10|          10|
    |tmp_48_fu_2051_p2                |     +    |      0|  0|  10|          10|          10|
    |tmp_55_fu_2066_p2                |     +    |      0|  0|  10|          10|          10|
    |tmp_56_fu_2731_p2                |     +    |      0|  0|  10|          10|          10|
    |tmp_9_fu_3471_p2                 |     +    |      0|  0|  20|          20|          20|
    |ap_sig_1086                      |    and   |      0|  0|   1|           1|           1|
    |ap_sig_1090                      |    and   |      0|  0|   1|           1|           1|
    |ap_sig_1095                      |    and   |      0|  0|   1|           1|           1|
    |ap_sig_1100                      |    and   |      0|  0|   1|           1|           1|
    |ap_sig_1220                      |    and   |      0|  0|   1|           1|           1|
    |ap_sig_1230                      |    and   |      0|  0|   1|           1|           1|
    |ap_sig_1984                      |    and   |      0|  0|   1|           1|           1|
    |ap_sig_1993                      |    and   |      0|  0|   1|           1|           1|
    |ap_sig_2214                      |    and   |      0|  0|   1|           1|           1|
    |ap_sig_3651                      |    and   |      0|  0|   1|           1|           1|
    |ap_sig_3653                      |    and   |      0|  0|   1|           1|           1|
    |ap_sig_3656                      |    and   |      0|  0|   1|           1|           1|
    |ap_sig_3658                      |    and   |      0|  0|   1|           1|           1|
    |ap_sig_3660                      |    and   |      0|  0|   1|           1|           1|
    |ap_sig_3663                      |    and   |      0|  0|   1|           1|           1|
    |ap_sig_3665                      |    and   |      0|  0|   1|           1|           1|
    |ap_sig_534                       |    and   |      0|  0|   1|           1|           1|
    |ap_sig_535                       |    and   |      0|  0|   1|           1|           1|
    |sel_tmp10_fu_2962_p2             |    and   |      0|  0|   1|           1|           1|
    |sel_tmp3_mid2_fu_3031_p2         |    and   |      0|  0|   1|           1|           1|
    |exitcond1_fu_3398_p2             |   icmp   |      0|  0|   4|          10|           9|
    |exitcond2_fu_2717_p2             |   icmp   |      0|  0|   3|           9|           8|
    |exitcond4_fu_2079_p2             |   icmp   |      0|  0|   3|           9|           8|
    |exitcond5_fu_2008_p2             |   icmp   |      0|  0|   3|           9|           8|
    |exitcond8_fu_1817_p2             |   icmp   |      0|  0|   4|          10|           9|
    |exitcond9_fu_1767_p2             |   icmp   |      0|  0|   3|           9|           8|
    |exitcond_flatten1_fu_1870_p2     |   icmp   |      0|  0|   5|          13|          10|
    |exitcond_flatten2_fu_3380_p2     |   icmp   |      0|  0|   7|          19|          19|
    |exitcond_flatten_fu_2705_p2      |   icmp   |      0|  0|   7|          18|          18|
    |exitcond_fu_1888_p2              |   icmp   |      0|  0|   4|          10|           9|
    |grp_fu_1511_p2                   |   icmp   |      0|  0|  11|          32|          32|
    |grp_fu_1517_p2                   |   icmp   |      0|  0|  11|          32|          32|
    |tmp_17_fu_2020_p2                |   icmp   |      0|  0|   3|           9|           1|
    |tmp_18_fu_2026_p2                |   icmp   |      0|  0|   3|           9|           8|
    |tmp_20_fu_2656_p2                |   icmp   |      0|  0|   4|          10|           1|
    |tmp_34_fu_2683_p2                |   icmp   |      0|  0|   3|           9|           1|
    |tmp_34_mid1_fu_2744_p2           |   icmp   |      0|  0|   3|           9|           1|
    |tmp_36_fu_2699_p2                |   icmp   |      0|  0|   3|           9|           8|
    |tmp_36_mid1_fu_2789_p2           |   icmp   |      0|  0|   3|           9|           8|
    |tmp_40_fu_2255_p2                |   icmp   |      0|  0|   3|           9|           9|
    |tmp_41_fu_2261_p2                |   icmp   |      0|  0|   3|           8|           1|
    |tmp_43_fu_2279_p2                |   icmp   |      0|  0|   3|           9|           9|
    |tmp_46_fu_2285_p2                |   icmp   |      0|  0|   3|           8|           1|
    |tmp_52_fu_2945_p2                |   icmp   |      0|  0|   3|           9|           9|
    |tmp_57_fu_2949_p2                |   icmp   |      0|  0|   3|           9|           9|
    |tmp_65_fu_2354_p2                |   icmp   |      0|  0|   3|           9|           9|
    |tmp_66_fu_2360_p2                |   icmp   |      0|  0|   3|           8|           1|
    |tmp_72_fu_2378_p2                |   icmp   |      0|  0|   3|           9|           9|
    |tmp_74_fu_2384_p2                |   icmp   |      0|  0|   3|           8|           1|
    |tmp_80_fu_2953_p2                |   icmp   |      0|  0|   3|           9|           9|
    |or_cond1_fu_2291_p2              |    or    |      0|  0|   1|           1|           1|
    |or_cond2_fu_2366_p2              |    or    |      0|  0|   1|           1|           1|
    |or_cond3_fu_2390_p2              |    or    |      0|  0|   1|           1|           1|
    |or_cond_fu_2267_p2               |    or    |      0|  0|   1|           1|           1|
    |tmp_10_mid2_v_fu_3461_p2         |    or    |      0|  0|  11|          10|           1|
    |tmp_13_fu_2634_p2                |    or    |      0|  0|   7|           4|           4|
    |tmp_2_fu_1798_p2                 |    or    |      0|  0|  11|          10|           1|
    |a1_assign_5_fu_3100_p3           |  select  |      0|  0|  32|           1|          32|
    |a1_assign_7_fu_3066_p3           |  select  |      0|  0|  32|           1|          32|
    |a2_assign_6_fu_3083_p3           |  select  |      0|  0|  32|           1|          32|
    |a2_assign_8_fu_3049_p3           |  select  |      0|  0|  32|           1|          32|
    |a3_assign_1_fu_3156_p3           |  select  |      0|  0|  32|           1|          32|
    |a3_assign_2_fu_3129_p3           |  select  |      0|  0|  32|           1|          32|
    |a4_assign_1_fu_3142_p3           |  select  |      0|  0|  32|           1|          32|
    |a4_assign_2_fu_3115_p3           |  select  |      0|  0|  32|           1|          32|
    |cosA_half_fu_2443_p3             |  select  |      0|  0|  32|           1|          32|
    |cosA_half_i_fu_2457_p3           |  select  |      0|  0|  30|           1|           1|
    |cosB_half_fu_2464_p3             |  select  |      0|  0|  32|           1|          32|
    |cosB_half_i_fu_2478_p3           |  select  |      0|  0|  30|           1|           1|
    |grp_fu_1685_p3                   |  select  |      0|  0|  32|           1|          32|
    |grp_fu_1696_p3                   |  select  |      0|  0|  32|           1|          32|
    |grp_fu_1707_p3                   |  select  |      0|  0|  32|           1|          32|
    |grp_fu_1718_p3                   |  select  |      0|  0|  32|           1|          32|
    |not_tmp_mid2_fu_2897_p3          |  select  |      0|  0|   1|           1|           1|
    |off_px_mid2_fu_2723_p3           |  select  |      0|  0|   9|           1|           1|
    |p_v_fu_2736_p3                   |  select  |      0|  0|   9|           1|           9|
    |row4_mid2_fu_3404_p3             |  select  |      0|  0|  10|           1|           1|
    |sel_tmp1_fu_3059_p3              |  select  |      0|  0|  32|           1|          32|
    |sel_tmp4_fu_3137_p3              |  select  |      0|  0|  32|           1|          32|
    |sel_tmp5_fu_3123_p3              |  select  |      0|  0|  32|           1|           1|
    |sel_tmp6_fu_3150_p3              |  select  |      0|  0|  32|           1|           1|
    |sel_tmp7_fu_3076_p3              |  select  |      0|  0|  32|           1|           1|
    |sel_tmp8_fu_3093_p3              |  select  |      0|  0|  32|           1|          32|
    |sel_tmp9_fu_3042_p3              |  select  |      0|  0|  32|           1|           1|
    |sel_tmp_fu_3110_p3               |  select  |      0|  0|  32|           1|          32|
    |sinA_half_i_fu_2450_p3           |  select  |      0|  0|  30|           1|          30|
    |sinB_half_i_fu_2471_p3           |  select  |      0|  0|  30|           1|          30|
    |step_mid2_fu_1894_p3             |  select  |      0|  0|  10|           1|           1|
    |sweepnum_cast_mid2_v_fu_1902_p3  |  select  |      0|  0|   4|           1|           4|
    |tmp_10_cast1_fu_1964_p3          |  select  |      0|  0|   9|           1|           9|
    |tmp_10_cast_fu_1972_p3           |  select  |      0|  0|   9|           1|           9|
    |tmp_12_cast_fu_1981_p3           |  select  |      0|  0|  10|           1|          10|
    |tmp_135_fu_2764_p3               |  select  |      0|  0|   9|           1|           9|
    |tmp_143_fu_2859_p3               |  select  |      0|  0|  21|           1|          21|
    |tmp_148_fu_2867_p3               |  select  |      0|  0|  21|           1|          21|
    |tmp_14_cast_fu_1990_p3           |  select  |      0|  0|  10|           1|          10|
    |tmp_15_cast_fu_1999_p3           |  select  |      0|  0|   9|           1|           9|
    |tmp_32_fu_2131_p3                |  select  |      0|  0|  21|           1|          21|
    |tmp_34_mid2_fu_2750_p3           |  select  |      0|  0|   1|           1|           1|
    |tmp_35_fu_2145_p3                |  select  |      0|  0|  21|           1|          21|
    |tmp_36_mid2_fu_2795_p3           |  select  |      0|  0|   1|           1|           1|
    |tmp_8_cast1_fu_1936_p3           |  select  |      0|  0|   9|           1|           9|
    |tmp_8_cast_fu_1944_p3            |  select  |      0|  0|   9|           1|           9|
    |tmp_9_cast_fu_1954_p3            |  select  |      0|  0|  10|           1|          10|
    |tmp_9_mid2_v_fu_3412_p3          |  select  |      0|  0|   9|           1|           9|
    |vz_in_fu_3035_p3                 |  select  |      0|  0|  30|           1|          30|
    |w_in_4_fu_3015_p3                |  select  |      0|  0|  32|           1|          32|
    |w_in_9_fu_3023_p3                |  select  |      0|  0|  32|           1|          32|
    |w_in_fu_2190_p3                  |  select  |      0|  0|  32|           1|          32|
    |w_int1_3_fu_3172_p3              |  select  |      0|  0|  32|           1|          32|
    |w_int2_3_fu_3285_p3              |  select  |      0|  0|  32|           1|          32|
    |w_out_0_x_out_fu_3325_p3         |  select  |      0|  0|  32|           1|          32|
    |w_out_3_fu_3313_p3               |  select  |      0|  0|  32|           1|          32|
    |x_in_1_fu_2183_p3                |  select  |      0|  0|  32|           1|          32|
    |x_in_4_fu_2999_p3                |  select  |      0|  0|  32|           1|          32|
    |x_in_7_fu_3007_p3                |  select  |      0|  0|  32|           1|          32|
    |x_int1_3_fu_3164_p3              |  select  |      0|  0|  32|           1|          32|
    |x_int2_3_fu_3292_p3              |  select  |      0|  0|  32|           1|          32|
    |x_out_0_w_out_fu_3335_p3         |  select  |      0|  0|  32|           1|          32|
    |x_out_3_fu_3319_p3               |  select  |      0|  0|  32|           1|          32|
    |y_in_4_fu_2983_p3                |  select  |      0|  0|  32|           1|          32|
    |y_in_9_fu_2991_p3                |  select  |      0|  0|  32|           1|          32|
    |y_in_fu_2176_p3                  |  select  |      0|  0|  32|           1|          32|
    |y_int1_3_fu_3180_p3              |  select  |      0|  0|  32|           1|          32|
    |y_int2_3_fu_3299_p3              |  select  |      0|  0|  32|           1|          32|
    |y_out_0_z_out_fu_3356_p3         |  select  |      0|  0|  32|           1|          32|
    |y_out_3_fu_3344_p3               |  select  |      0|  0|  32|           1|          32|
    |z_in_1_fu_2169_p3                |  select  |      0|  0|  32|           1|          32|
    |z_in_4_fu_2967_p3                |  select  |      0|  0|  32|           1|          32|
    |z_in_7_fu_2975_p3                |  select  |      0|  0|  32|           1|          32|
    |z_int1_3_fu_3188_p3              |  select  |      0|  0|  32|           1|          32|
    |z_int2_3_fu_3306_p3              |  select  |      0|  0|  32|           1|          32|
    |z_out_0_y_out_fu_3366_p3         |  select  |      0|  0|  32|           1|          32|
    |z_out_3_fu_3350_p3               |  select  |      0|  0|  32|           1|          32|
    |INPUT_BANK_fu_1918_p2            |    xor   |      0|  0|   1|           1|           1|
    |OUTPUT_BANK_fu_1930_p2           |    xor   |      0|  0|   1|           1|           1|
    |a2_assign_11_neg_fu_2504_p2      |    xor   |      0|  0|  45|          32|          33|
    |a2_assign_12_neg_fu_2489_p2      |    xor   |      0|  0|  45|          32|          33|
    |rev1_fu_2891_p2                  |    xor   |      0|  0|   2|           1|           2|
    |rev_fu_2824_p2                   |    xor   |      0|  0|   2|           1|           2|
    |sel_tmp2_fu_2662_p2              |    xor   |      0|  0|   2|           1|           2|
    |sel_tmp3_fu_2957_p2              |    xor   |      0|  0|   2|           1|           2|
    |tmp1_fu_1924_p2                  |    xor   |      0|  0|   2|           1|           2|
    |tmp_144_neg_fu_2572_p2           |    xor   |      0|  0|  45|          32|          33|
    |tmp_150_neg_fu_2621_p2           |    xor   |      0|  0|  45|          32|          33|
    |uy_int_neg_fu_2548_p2            |    xor   |      0|  0|  45|          32|          33|
    |vw_int_neg_fu_2586_p2            |    xor   |      0|  0|  45|          32|          33|
    |vy_int_neg_fu_2518_p2            |    xor   |      0|  0|  45|          32|          33|
    |vz_int_neg_fu_2611_p2            |    xor   |      0|  0|  45|          32|          33|
    +---------------------------------+----------+-------+---+----+------------+------------+
    |Total                            |          |      5|  0|3139|        1377|        2847|
    +---------------------------------+----------+-------+---+----+------------+------------+

    * Multiplexer: 
    +-----------------------------------------------------+----+-----------+-----+-----------+
    |                         Name                        | LUT| Input Size| Bits| Total Bits|
    +-----------------------------------------------------+----+-----------+-----+-----------+
    |ap_NS_fsm                                            |  90|         51|    1|         51|
    |ap_reg_phiprechg_a1_assign_s_reg_1267pp1_it12        |  32|          4|   32|        128|
    |ap_reg_phiprechg_a2_assign_s_reg_1253pp1_it12        |  32|          4|   32|        128|
    |ap_reg_phiprechg_b1_assign_reg_1293pp1_it12          |  32|          4|   32|        128|
    |ap_reg_phiprechg_b2_assign_1_reg_1279pp1_it12        |  32|          4|   32|        128|
    |ap_reg_phiprechg_tanThetaAdiv2_0_i1_reg_1243pp1_it9  |  32|          2|   32|         64|
    |ap_reg_phiprechg_tanThetaAdiv2_0_i_reg_1233pp1_it9   |  32|          2|   32|         64|
    |ap_reg_phiprechg_vw_int_0_i_reg_1305pp1_it16         |  32|          3|   32|         96|
    |ap_reg_phiprechg_vx_int_0_i_reg_1325pp1_it16         |  32|          3|   32|         96|
    |ap_reg_phiprechg_vy_int_0_i_reg_1315pp1_it16         |  32|          3|   32|         96|
    |ap_reg_phiprechg_vz_int_0_i_reg_1335pp1_it16         |  32|          3|   32|         96|
    |ap_reg_ppiten_pp0_it4                                |   1|          2|    1|          2|
    |ap_reg_ppiten_pp1_it16                               |   1|          2|    1|          2|
    |ap_reg_ppiten_pp3_it5                                |   1|          2|    1|          2|
    |col3_phi_fu_1393_p4                                  |   9|          2|    9|         18|
    |col3_reg_1389                                        |   9|          2|    9|         18|
    |col_reg_1132                                         |   9|          2|    9|         18|
    |diag1_i_address0                                     |  20|         10|   10|        100|
    |diag1_i_address1                                     |  10|          3|   10|         30|
    |diag1_i_d0                                           |  32|          4|   32|        128|
    |diag2_i_address0                                     |  20|         10|   10|        100|
    |diag2_i_address1                                     |  10|          3|   10|         30|
    |diag2_i_d0                                           |  32|          4|   32|        128|
    |diag_w_out_address0                                  |   9|          3|    9|         27|
    |diag_w_out_d0                                        |  32|          3|   32|         96|
    |diag_x_out_address0                                  |   9|          3|    9|         27|
    |diag_y_out_address0                                  |   9|          3|    9|         27|
    |diag_z_out_address0                                  |   9|          3|    9|         27|
    |diag_z_out_d0                                        |  32|          3|   32|         96|
    |grp_fu_1411_opcode                                   |   2|          3|    2|          6|
    |grp_fu_1411_p0                                       |  64|         11|   32|        352|
    |grp_fu_1411_p1                                       |  64|         11|   32|        352|
    |grp_fu_1415_p0                                       |  64|         10|   32|        320|
    |grp_fu_1415_p1                                       |  64|         11|   32|        352|
    |grp_fu_1419_p0                                       |  32|          7|   32|        224|
    |grp_fu_1419_p1                                       |  64|          8|   32|        256|
    |grp_fu_1426_p0                                       |  32|          4|   32|        128|
    |grp_fu_1426_p1                                       |  32|          4|   32|        128|
    |grp_fu_1430_p0                                       |  96|         15|   32|        480|
    |grp_fu_1430_p1                                       |  96|         15|   32|        480|
    |grp_fu_1434_p0                                       |  96|         14|   32|        448|
    |grp_fu_1434_p1                                       |  96|         15|   32|        480|
    |grp_fu_1442_p0                                       |  96|         13|   32|        416|
    |grp_fu_1442_p1                                       |  96|         13|   32|        416|
    |grp_fu_1452_p0                                       |  96|         12|   32|        384|
    |grp_fu_1452_p1                                       |  96|         12|   32|        384|
    |grp_fu_1470_p0                                       |  32|          5|   32|        160|
    |grp_fu_1470_p1                                       |  32|          4|   32|        128|
    |grp_fu_1476_p0                                       |  32|          5|   32|        160|
    |grp_fu_1476_p1                                       |  32|          4|   32|        128|
    |grp_fu_1482_p0                                       |  32|          5|   32|        160|
    |grp_fu_1482_p1                                       |  32|          4|   32|        128|
    |grp_fu_1488_p0                                       |  32|          5|   32|        160|
    |grp_fu_1488_p1                                       |  32|          4|   32|        128|
    |grp_fu_1502_p0                                       |  32|          7|   32|        224|
    |grp_fu_1502_p1                                       |  32|          7|   32|        224|
    |grp_fu_1506_p1                                       |  32|          5|   32|        160|
    |indvar_flatten1_reg_1177                             |  13|          2|   13|         26|
    |indvar_flatten2_reg_1378                             |  19|          2|   19|         38|
    |indvar_flatten_phi_fu_1349_p4                        |  18|          2|   18|         36|
    |indvar_flatten_reg_1345                              |  18|          2|   18|         36|
    |off_px_phi_fu_1371_p4                                |   9|          2|    9|         18|
    |off_px_reg_1367                                      |   9|          2|    9|         18|
    |phi_mul1_reg_1143                                    |  20|          2|   20|         40|
    |phi_mul_reg_1166                                     |  20|          2|   20|         40|
    |px1_phi_fu_1225_p4                                   |   9|          2|    9|         18|
    |px1_reg_1221                                         |   9|          2|    9|         18|
    |px2_phi_fu_1360_p4                                   |   9|          2|    9|         18|
    |px2_reg_1356                                         |   9|          2|    9|         18|
    |px_reg_1210                                          |   9|          2|    9|         18|
    |reg_1650                                             |  32|          2|   32|         64|
    |row4_reg_1400                                        |  10|          2|   10|         20|
    |row_reg_1155                                         |  10|          2|   10|         20|
    |s_col1_address0                                      |  20|          7|   20|        140|
    |s_col1_address1                                      |  20|          7|   20|        140|
    |s_col1_d0                                            |  32|          4|   32|        128|
    |s_col1_d1                                            |  32|          3|   32|         96|
    |s_col2_address0                                      |  20|          7|   20|        140|
    |s_col2_address1                                      |  20|          7|   20|        140|
    |s_col2_d0                                            |  32|          5|   32|        160|
    |s_col2_d1                                            |  32|          4|   32|        128|
    |step_reg_1199                                        |  10|          2|   10|         20|
    |sweepnum_reg_1188                                    |   4|          2|    4|          8|
    |u_col1_address0                                      |  20|          6|   20|        120|
    |u_col1_address1                                      |  20|          5|   20|        100|
    |u_col1_d0                                            |  32|          3|   32|         96|
    |u_col1_d1                                            |  32|          3|   32|         96|
    |u_col2_address0                                      |  20|          6|   20|        120|
    |u_col2_address1                                      |  20|          5|   20|        100|
    |u_col2_d0                                            |  32|          3|   32|         96|
    |u_col2_d1                                            |  32|          3|   32|         96|
    |uw_new_address0                                      |   9|          4|    9|         36|
    |ux_new_address0                                      |   9|          4|    9|         36|
    |uy_new_address0                                      |   9|          4|    9|         36|
    |uz_new_address0                                      |   9|          4|    9|         36|
    |v_col1_address0                                      |  20|          6|   20|        120|
    |v_col1_address1                                      |  20|          5|   20|        100|
    |v_col1_d0                                            |  32|          3|   32|         96|
    |v_col1_d1                                            |  32|          3|   32|         96|
    |v_col2_address0                                      |  20|          5|   20|        100|
    |v_col2_address1                                      |  20|          5|   20|        100|
    |v_col2_d0                                            |  32|          4|   32|        128|
    |v_col2_d1                                            |  32|          3|   32|         96|
    |vw_new_address0                                      |   9|          3|    9|         27|
    |vx_new_address0                                      |   9|          3|    9|         27|
    |vy_new_address0                                      |   9|          3|    9|         27|
    |vz_new_address0                                      |   9|          3|    9|         27|
    +-----------------------------------------------------+----+-----------+-----+-----------+
    |Total                                                |3135|        556| 2354|      12775|
    +-----------------------------------------------------+----+-----------+-----+-----------+

    * Register: 
    +-----------------------------------------------------+----+----+-----+-----------+
    |                         Name                        | FF | LUT| Bits| Const Bits|
    +-----------------------------------------------------+----+----+-----+-----------+
    |INPUT_BANK_reg_3605                                  |   1|   0|    1|          0|
    |OUTPUT_BANK_reg_3611                                 |   1|   0|    1|          0|
    |a1_assign_s_reg_1267                                 |  32|   0|   32|          0|
    |a2_assign_s_reg_1253                                 |  32|   0|   32|          0|
    |ap_CS_fsm                                            |  50|   0|   50|          0|
    |ap_reg_phiprechg_a1_assign_s_reg_1267pp1_it12        |  32|   0|   32|          0|
    |ap_reg_phiprechg_a2_assign_s_reg_1253pp1_it12        |  32|   0|   32|          0|
    |ap_reg_phiprechg_b1_assign_reg_1293pp1_it12          |  32|   0|   32|          0|
    |ap_reg_phiprechg_b2_assign_1_reg_1279pp1_it12        |  32|   0|   32|          0|
    |ap_reg_phiprechg_tanThetaAdiv2_0_i1_reg_1243pp1_it9  |  32|   0|   32|          0|
    |ap_reg_phiprechg_tanThetaAdiv2_0_i_reg_1233pp1_it9   |  32|   0|   32|          0|
    |ap_reg_phiprechg_vw_int_0_i_reg_1305pp1_it16         |  32|   0|   32|          0|
    |ap_reg_phiprechg_vx_int_0_i_reg_1325pp1_it16         |  32|   0|   32|          0|
    |ap_reg_phiprechg_vy_int_0_i_reg_1315pp1_it16         |  32|   0|   32|          0|
    |ap_reg_phiprechg_vz_int_0_i_reg_1335pp1_it16         |  32|   0|   32|          0|
    |ap_reg_ppiten_pp0_it0                                |   1|   0|    1|          0|
    |ap_reg_ppiten_pp0_it1                                |   1|   0|    1|          0|
    |ap_reg_ppiten_pp0_it2                                |   1|   0|    1|          0|
    |ap_reg_ppiten_pp0_it3                                |   1|   0|    1|          0|
    |ap_reg_ppiten_pp0_it4                                |   1|   0|    1|          0|
    |ap_reg_ppiten_pp1_it0                                |   1|   0|    1|          0|
    |ap_reg_ppiten_pp1_it1                                |   1|   0|    1|          0|
    |ap_reg_ppiten_pp1_it10                               |   1|   0|    1|          0|
    |ap_reg_ppiten_pp1_it11                               |   1|   0|    1|          0|
    |ap_reg_ppiten_pp1_it12                               |   1|   0|    1|          0|
    |ap_reg_ppiten_pp1_it13                               |   1|   0|    1|          0|
    |ap_reg_ppiten_pp1_it14                               |   1|   0|    1|          0|
    |ap_reg_ppiten_pp1_it15                               |   1|   0|    1|          0|
    |ap_reg_ppiten_pp1_it16                               |   1|   0|    1|          0|
    |ap_reg_ppiten_pp1_it2                                |   1|   0|    1|          0|
    |ap_reg_ppiten_pp1_it3                                |   1|   0|    1|          0|
    |ap_reg_ppiten_pp1_it4                                |   1|   0|    1|          0|
    |ap_reg_ppiten_pp1_it5                                |   1|   0|    1|          0|
    |ap_reg_ppiten_pp1_it6                                |   1|   0|    1|          0|
    |ap_reg_ppiten_pp1_it7                                |   1|   0|    1|          0|
    |ap_reg_ppiten_pp1_it8                                |   1|   0|    1|          0|
    |ap_reg_ppiten_pp1_it9                                |   1|   0|    1|          0|
    |ap_reg_ppiten_pp2_it0                                |   1|   0|    1|          0|
    |ap_reg_ppiten_pp2_it1                                |   1|   0|    1|          0|
    |ap_reg_ppiten_pp3_it0                                |   1|   0|    1|          0|
    |ap_reg_ppiten_pp3_it1                                |   1|   0|    1|          0|
    |ap_reg_ppiten_pp3_it2                                |   1|   0|    1|          0|
    |ap_reg_ppiten_pp3_it3                                |   1|   0|    1|          0|
    |ap_reg_ppiten_pp3_it4                                |   1|   0|    1|          0|
    |ap_reg_ppiten_pp3_it5                                |   1|   0|    1|          0|
    |ap_reg_ppstg_c1_reg_4016_pp1_iter14                  |  32|   0|   32|          0|
    |ap_reg_ppstg_diag_w_out_addr_reg_4098_pp1_iter15     |   9|   0|    9|          0|
    |ap_reg_ppstg_diag_z_out_addr_reg_4103_pp1_iter15     |   9|   0|    9|          0|
    |ap_reg_ppstg_s1_reg_4023_pp1_iter14                  |  32|   0|   32|          0|
    |ap_reg_ppstg_tmp_34_mid2_reg_4227_pp2_iter1          |   1|   0|    1|          0|
    |ap_reg_ppstg_tmp_36_mid2_reg_4237_pp2_iter1          |   1|   0|    1|          0|
    |ap_reg_ppstg_vw_new_addr_reg_4078_pp1_iter15         |   9|   0|    9|          0|
    |ap_reg_ppstg_vx_new_addr_reg_4083_pp1_iter15         |   9|   0|    9|          0|
    |ap_reg_ppstg_vy_new_addr_reg_4088_pp1_iter15         |   9|   0|    9|          0|
    |ap_reg_ppstg_vz_new_addr_reg_4093_pp1_iter15         |   9|   0|    9|          0|
    |b2_assign_1_reg_1279                                 |  32|   0|   32|          0|
    |c1_reg_4016                                          |  32|   0|   32|          0|
    |c2_reg_3996                                          |  32|   0|   32|          0|
    |col3_reg_1389                                        |   9|   0|    9|          0|
    |col_1_reg_3519                                       |   9|   0|    9|          0|
    |col_reg_1132                                         |   9|   0|    9|          0|
    |cosThetaA_int_1_reg_3892                             |  32|   0|   32|          0|
    |cosThetaAdiv2_int_1_reg_3925                         |  32|   0|   32|          0|
    |cosThetaAdiv2_int_reg_3919                           |  32|   0|   32|          0|
    |diag1_i_addr_1_reg_3637                              |   3|   0|   10|          7|
    |diag1_i_addr_2_reg_3663                              |   3|   0|   10|          7|
    |diag1_i_addr_3_reg_3668                              |   3|   0|   10|          7|
    |diag1_i_addr_5_reg_3642                              |   3|   0|   10|          7|
    |diag2_i_addr_1_reg_3627                              |   3|   0|   10|          7|
    |diag2_i_addr_3_reg_3653                              |   3|   0|   10|          7|
    |diag2_i_addr_4_reg_3632                              |   3|   0|   10|          7|
    |diag2_i_addr_5_reg_3658                              |   3|   0|   10|          7|
    |diag_w_out_addr_reg_4098                             |   9|   0|    9|          0|
    |diag_w_out_load_reg_4405                             |  32|   0|   32|          0|
    |diag_x_out_load_reg_4410                             |  32|   0|   32|          0|
    |diag_y_out_load_reg_4415                             |  32|   0|   32|          0|
    |diag_z_out_addr_reg_4103                             |   9|   0|    9|          0|
    |diag_z_out_load_reg_4420                             |  32|   0|   32|          0|
    |exitcond2_reg_4197                                   |   1|   0|    1|          0|
    |exitcond4_reg_3710                                   |   1|   0|    1|          0|
    |exitcond8_reg_3534                                   |   1|   0|    1|          0|
    |exitcond_flatten2_reg_4976                           |   1|   0|    1|          0|
    |exitcond_flatten_reg_4188                            |   1|   0|    1|          0|
    |indvar_flatten1_reg_1177                             |  13|   0|   13|          0|
    |indvar_flatten2_reg_1378                             |  19|   0|   19|          0|
    |indvar_flatten_next2_reg_3587                        |  13|   0|   13|          0|
    |indvar_flatten_next_reg_4192                         |  18|   0|   18|          0|
    |indvar_flatten_reg_1345                              |  18|   0|   18|          0|
    |next_mul1_reg_3510                                   |  20|   0|   20|          0|
    |not_tmp_mid2_reg_4299                                |   1|   0|    1|          0|
    |off_px_1_reg_4251                                    |   9|   0|    9|          0|
    |off_px_mid2_reg_4202                                 |   9|   0|    9|          0|
    |off_px_reg_1367                                      |   9|   0|    9|          0|
    |or_cond1_reg_3814                                    |   1|   0|    1|          0|
    |or_cond2_reg_3836                                    |   1|   0|    1|          0|
    |or_cond3_reg_3840                                    |   1|   0|    1|          0|
    |or_cond_reg_3810                                     |   1|   0|    1|          0|
    |p_Result_10_reg_3824                                 |   1|   0|    1|          0|
    |p_Result_15_reg_3805                                 |   1|   0|    1|          0|
    |p_Result_17_reg_3888                                 |   1|   0|    1|          0|
    |p_Result_18_reg_3831                                 |   1|   0|    1|          0|
    |p_Result_20_reg_3900                                 |   1|   0|    1|          0|
    |p_Result_22_reg_4152                                 |   1|   0|    1|          0|
    |p_Result_s_reg_3798                                  |   1|   0|    1|          0|
    |p_Val2_16_reg_4147                                   |  32|   0|   32|          0|
    |p_v_reg_4215                                         |   9|   0|    9|          0|
    |phi_mul1_reg_1143                                    |  20|   0|   20|          0|
    |phi_mul_reg_1166                                     |  20|   0|   20|          0|
    |px1_reg_1221                                         |   9|   0|    9|          0|
    |px2_reg_1356                                         |   9|   0|    9|          0|
    |px_1_reg_3677                                        |   9|   0|    9|          0|
    |px_3_reg_3714                                        |   9|   0|    9|          0|
    |px_reg_1210                                          |   9|   0|    9|          0|
    |reg_1523                                             |  32|   0|   32|          0|
    |reg_1528                                             |  32|   0|   32|          0|
    |reg_1533                                             |  32|   0|   32|          0|
    |reg_1538                                             |  32|   0|   32|          0|
    |reg_1544                                             |  32|   0|   32|          0|
    |reg_1549                                             |  32|   0|   32|          0|
    |reg_1556                                             |  32|   0|   32|          0|
    |reg_1563                                             |  32|   0|   32|          0|
    |reg_1569                                             |  32|   0|   32|          0|
    |reg_1576                                             |  32|   0|   32|          0|
    |reg_1594                                             |  32|   0|   32|          0|
    |reg_1600                                             |  32|   0|   32|          0|
    |reg_1606                                             |  32|   0|   32|          0|
    |reg_1611                                             |  32|   0|   32|          0|
    |reg_1617                                             |  32|   0|   32|          0|
    |reg_1623                                             |  32|   0|   32|          0|
    |reg_1628                                             |  32|   0|   32|          0|
    |reg_1634                                             |  32|   0|   32|          0|
    |reg_1640                                             |  32|   0|   32|          0|
    |reg_1645                                             |  32|   0|   32|          0|
    |reg_1650                                             |  32|   0|   32|          0|
    |reg_1656                                             |  32|   0|   32|          0|
    |reg_1681                                             |  32|   0|   32|          0|
    |reg_1729                                             |  32|   0|   32|          0|
    |rev_reg_4256                                         |   1|   0|    1|          0|
    |row4_mid2_reg_4985                                   |  10|   0|   10|          0|
    |row4_reg_1400                                        |  10|   0|   10|          0|
    |row_reg_1155                                         |  10|   0|   10|          0|
    |s1_reg_4023                                          |  32|   0|   32|          0|
    |s2_reg_4007                                          |  32|   0|   32|          0|
    |s_col1_addr_6_reg_4786                               |  20|   0|   20|          0|
    |s_col1_addr_7_reg_4791                               |  20|   0|   20|          0|
    |s_col1_addr_8_reg_4867                               |  20|   0|   20|          0|
    |s_col1_addr_9_reg_4872                               |  20|   0|   20|          0|
    |s_col2_addr_6_reg_4830                               |  20|   0|   20|          0|
    |s_col2_addr_7_reg_4835                               |  20|   0|   20|          0|
    |s_col2_addr_8_reg_4910                               |  20|   0|   20|          0|
    |s_col2_addr_9_reg_4915                               |  20|   0|   20|          0|
    |sel_tmp2_reg_4173                                    |   1|   0|    1|          0|
    |sel_tmp3_mid2_reg_4639                               |   1|   0|    1|          0|
    |step_mid2_reg_3592                                   |  10|   0|   10|          0|
    |step_reg_1199                                        |  10|   0|   10|          0|
    |sweepnum_cast_mid2_v_reg_3599                        |   4|   0|    4|          0|
    |sweepnum_reg_1188                                    |   4|   0|    4|          0|
    |tanThetaA_1_reg_3851                                 |  32|   0|   32|          0|
    |tanThetaA_reg_3844                                   |  32|   0|   32|          0|
    |tanThetaAdiv2_0_i1_reg_1243                          |  32|   0|   32|          0|
    |tanThetaAdiv2_0_i_reg_1233                           |  32|   0|   32|          0|
    |tmp_103_reg_4701                                     |  32|   0|   32|          0|
    |tmp_104_reg_4706                                     |  32|   0|   32|          0|
    |tmp_105_reg_4711                                     |  32|   0|   32|          0|
    |tmp_106_reg_4716                                     |  32|   0|   32|          0|
    |tmp_107_reg_4721                                     |  32|   0|   32|          0|
    |tmp_108_reg_4726                                     |  32|   0|   32|          0|
    |tmp_109_reg_4731                                     |  32|   0|   32|          0|
    |tmp_10_cast1_reg_3647                                |   3|   0|   10|          7|
    |tmp_110_reg_4736                                     |  32|   0|   32|          0|
    |tmp_111_reg_3981                                     |  32|   0|   32|          0|
    |tmp_112_reg_3986                                     |  32|   0|   32|          0|
    |tmp_114_reg_3991                                     |  32|   0|   32|          0|
    |tmp_118_reg_4038                                     |  32|   0|   32|          0|
    |tmp_120_reg_4043                                     |  32|   0|   32|          0|
    |tmp_121_reg_4118                                     |  32|   0|   32|          0|
    |tmp_122_reg_4123                                     |  32|   0|   32|          0|
    |tmp_123_reg_4048                                     |  32|   0|   32|          0|
    |tmp_125_reg_4053                                     |  32|   0|   32|          0|
    |tmp_126_reg_4058                                     |  32|   0|   32|          0|
    |tmp_127_reg_4128                                     |  32|   0|   32|          0|
    |tmp_128_reg_4133                                     |  32|   0|   32|          0|
    |tmp_132_reg_4271                                     |  21|   0|   21|          0|
    |tmp_134_reg_4293                                     |  21|   0|   21|          0|
    |tmp_137_reg_4231                                     |  21|   0|   21|          0|
    |tmp_139_reg_4769                                     |  21|   0|   21|          0|
    |tmp_143_reg_4277                                     |  21|   0|   21|          0|
    |tmp_148_reg_4285                                     |  21|   0|   21|          0|
    |tmp_150_reg_4841                                     |  21|   0|   21|          0|
    |tmp_151_reg_4846                                     |  21|   0|   21|          0|
    |tmp_152_reg_4851                                     |  21|   0|   21|          0|
    |tmp_16_reg_3558                                      |  20|   0|   20|          0|
    |tmp_17_reg_3682                                      |   1|   0|    1|          0|
    |tmp_18_reg_3686                                      |   1|   0|    1|          0|
    |tmp_20_reg_4161                                      |   1|   0|    1|          0|
    |tmp_22_reg_3729                                      |   1|   0|    1|          0|
    |tmp_33_reg_3737                                      |  21|   0|   21|          0|
    |tmp_34_mid2_reg_4227                                 |   1|   0|    1|          0|
    |tmp_36_mid2_reg_4237                                 |   1|   0|    1|          0|
    |tmp_37_reg_3742                                      |  21|   0|   21|          0|
    |tmp_3_cast_reg_3524                                  |   9|   0|   20|         11|
    |tmp_48_reg_3700                                      |  10|   0|   10|          0|
    |tmp_4_cast_reg_3529                                  |   9|   0|   20|         11|
    |tmp_50_reg_3868                                      |  32|   0|   32|          0|
    |tmp_52_reg_4425                                      |   1|   0|    1|          0|
    |tmp_55_reg_3705                                      |  10|   0|   10|          0|
    |tmp_56_reg_4210                                      |  10|   0|   10|          0|
    |tmp_57_reg_4439                                      |   1|   0|    1|          0|
    |tmp_80_reg_4467                                      |   1|   0|    1|          0|
    |tmp_84_reg_3878                                      |  32|   0|   32|          0|
    |tmp_8_cast1_reg_3618                                 |   3|   0|   10|          7|
    |tmp_8_reg_5033                                       |  16|   0|   20|          4|
    |tmp_97_reg_3904                                      |  32|   0|   32|          0|
    |tmp_9_mid2_v_reg_4991                                |   9|   0|    9|          0|
    |u2_1_reg_3818                                        |  32|   0|   32|          0|
    |uw_new_load_1_reg_4567                               |  32|   0|   32|          0|
    |uw_new_load_reg_4595                                 |  32|   0|   32|          0|
    |uw_new_px_mid2_cast_reg_4373                         |   9|   0|   64|         55|
    |ux_new_load_1_reg_4579                               |  32|   0|   32|          0|
    |ux_new_load_reg_4600                                 |  32|   0|   32|          0|
    |uy_in_reg_4515                                       |  32|   0|   32|          0|
    |uy_new_load_1_reg_4573                               |  32|   0|   32|          0|
    |uy_new_load_reg_4605                                 |  32|   0|   32|          0|
    |uz_in_reg_4521                                       |  32|   0|   32|          0|
    |uz_new_load_1_reg_4587                               |  32|   0|   32|          0|
    |uz_new_load_reg_4610                                 |  32|   0|   32|          0|
    |v_col2_addr_6_reg_4883                               |  20|   0|   20|          0|
    |vw_new_addr_reg_4078                                 |   9|   0|    9|          0|
    |vw_new_load_reg_4615                                 |  32|   0|   32|          0|
    |vx_new_addr_reg_4083                                 |   9|   0|    9|          0|
    |vx_new_load_reg_4621                                 |  32|   0|   32|          0|
    |vy_in_reg_4527                                       |  32|   0|   32|          0|
    |vy_int_reg_4030                                      |  32|   0|   32|          0|
    |vy_new_addr_reg_4088                                 |   9|   0|    9|          0|
    |vy_new_load_reg_4627                                 |  32|   0|   32|          0|
    |vz_in_3_reg_4533                                     |  32|   0|   32|          0|
    |vz_in_reg_4647                                       |   7|   0|   32|         25|
    |vz_new_addr_reg_4093                                 |   9|   0|    9|          0|
    |vz_new_load_reg_4633                                 |  32|   0|   32|          0|
    |w_in_9_reg_4560                                      |  32|   0|   32|          0|
    |w_in_reg_3790                                        |  32|   0|   32|          0|
    |w_int1_3_reg_4748                                    |  32|   0|   32|          0|
    |w_int2_3_reg_4921                                    |  32|   0|   32|          0|
    |w_out1_reg_4063                                      |  32|   0|   32|          0|
    |w_out2_reg_4068                                      |  32|   0|   32|          0|
    |x_assign_2_reg_3909                                  |  32|   0|   32|          0|
    |x_assign_5_reg_3863                                  |  32|   0|   32|          0|
    |x_assign_7_reg_3914                                  |  32|   0|   32|          0|
    |x_assign_reg_3858                                    |  32|   0|   32|          0|
    |x_in_1_reg_3783                                      |  32|   0|   32|          0|
    |x_in_7_reg_4553                                      |  32|   0|   32|          0|
    |x_int1_3_reg_4741                                    |  32|   0|   32|          0|
    |x_int2_3_reg_4927                                    |  32|   0|   32|          0|
    |y_in_9_reg_4546                                      |  32|   0|   32|          0|
    |y_in_reg_3775                                        |  32|   0|   32|          0|
    |y_int1_3_reg_4755                                    |  32|   0|   32|          0|
    |y_int2_3_reg_4933                                    |  32|   0|   32|          0|
    |z_in_1_reg_3767                                      |  32|   0|   32|          0|
    |z_in_7_reg_4539                                      |  32|   0|   32|          0|
    |z_int1_3_reg_4762                                    |  32|   0|   32|          0|
    |z_int2_3_reg_4939                                    |  32|   0|   32|          0|
    |z_out1_reg_4073                                      |  32|   0|   32|          0|
    |z_out2_reg_4113                                      |  32|   0|   32|          0|
    |c2_reg_3996                                          |   0|  32|   32|          0|
    |exitcond4_reg_3710                                   |   0|   1|    1|          0|
    |exitcond8_reg_3534                                   |   0|   1|    1|          0|
    |exitcond_flatten2_reg_4976                           |   0|   1|    1|          0|
    |or_cond1_reg_3814                                    |   0|   1|    1|          0|
    |or_cond2_reg_3836                                    |   0|   1|    1|          0|
    |or_cond3_reg_3840                                    |   0|   1|    1|          0|
    |or_cond_reg_3810                                     |   0|   1|    1|          0|
    |p_Result_10_reg_3824                                 |   0|   1|    1|          0|
    |p_Result_15_reg_3805                                 |   0|   1|    1|          0|
    |p_Result_17_reg_3888                                 |   0|   1|    1|          0|
    |p_Result_18_reg_3831                                 |   0|   1|    1|          0|
    |p_Result_20_reg_3900                                 |   0|   1|    1|          0|
    |p_Result_s_reg_3798                                  |   0|   1|    1|          0|
    |px1_reg_1221                                         |   0|   9|    9|          0|
    |row4_mid2_reg_4985                                   |   0|  10|   10|          0|
    |s2_reg_4007                                          |   0|  32|   32|          0|
    |tanThetaA_1_reg_3851                                 |   0|  32|   32|          0|
    |tanThetaA_reg_3844                                   |   0|  32|   32|          0|
    |tanThetaAdiv2_0_i1_reg_1243                          |   0|  32|   32|          0|
    |tanThetaAdiv2_0_i_reg_1233                           |   0|  32|   32|          0|
    |tmp_16_reg_3558                                      |   0|  20|   20|          0|
    |tmp_9_mid2_v_reg_4991                                |   0|   9|    9|          0|
    |vy_int_reg_4030                                      |   0|  32|   32|          0|
    |w_in_reg_3790                                        |   0|  32|   32|          0|
    |x_in_1_reg_3783                                      |   0|  32|   32|          0|
    |y_in_reg_3775                                        |   0|  32|   32|          0|
    |z_in_1_reg_3767                                      |   0|  32|   32|          0|
    +-----------------------------------------------------+----+----+-----+-----------+
    |Total                                                |4918| 413| 5507|        176|
    +-----------------------------------------------------+----+----+-----+-----------+



================================================================
== Interface
================================================================
* Summary: 
+------------+-----+-----+------------+---------------+--------------+
|  RTL Ports | Dir | Bits|  Protocol  | Source Object |    C Type    |
+------------+-----+-----+------------+---------------+--------------+
|ap_clk      |  in |    1| ap_ctrl_hs | dut_svd_pairs | return value |
|ap_rst      |  in |    1| ap_ctrl_hs | dut_svd_pairs | return value |
|ap_start    |  in |    1| ap_ctrl_hs | dut_svd_pairs | return value |
|ap_done     | out |    1| ap_ctrl_hs | dut_svd_pairs | return value |
|ap_idle     | out |    1| ap_ctrl_hs | dut_svd_pairs | return value |
|ap_ready    | out |    1| ap_ctrl_hs | dut_svd_pairs | return value |
|A_address0  | out |   20|  ap_memory |       A       |     array    |
|A_ce0       | out |    1|  ap_memory |       A       |     array    |
|A_q0        |  in |   32|  ap_memory |       A       |     array    |
|A_address1  | out |   20|  ap_memory |       A       |     array    |
|A_ce1       | out |    1|  ap_memory |       A       |     array    |
|A_q1        |  in |   32|  ap_memory |       A       |     array    |
|S_address0  | out |   20|  ap_memory |       S       |     array    |
|S_ce0       | out |    1|  ap_memory |       S       |     array    |
|S_we0       | out |    1|  ap_memory |       S       |     array    |
|S_d0        | out |   32|  ap_memory |       S       |     array    |
|S_address1  | out |   20|  ap_memory |       S       |     array    |
|S_ce1       | out |    1|  ap_memory |       S       |     array    |
|S_we1       | out |    1|  ap_memory |       S       |     array    |
|S_d1        | out |   32|  ap_memory |       S       |     array    |
|U_address0  | out |   20|  ap_memory |       U       |     array    |
|U_ce0       | out |    1|  ap_memory |       U       |     array    |
|U_we0       | out |    1|  ap_memory |       U       |     array    |
|U_d0        | out |   32|  ap_memory |       U       |     array    |
|U_address1  | out |   20|  ap_memory |       U       |     array    |
|U_ce1       | out |    1|  ap_memory |       U       |     array    |
|U_we1       | out |    1|  ap_memory |       U       |     array    |
|U_d1        | out |   32|  ap_memory |       U       |     array    |
|V_address0  | out |   20|  ap_memory |       V       |     array    |
|V_ce0       | out |    1|  ap_memory |       V       |     array    |
|V_we0       | out |    1|  ap_memory |       V       |     array    |
|V_d0        | out |   32|  ap_memory |       V       |     array    |
|V_address1  | out |   20|  ap_memory |       V       |     array    |
|V_ce1       | out |    1|  ap_memory |       V       |     array    |
|V_we1       | out |    1|  ap_memory |       V       |     array    |
|V_d1        | out |   32|  ap_memory |       V       |     array    |
+------------+-----+-----+------------+---------------+--------------+

