

================================================================
== Vivado HLS Report for 'dut_calc_angle_float_float_s'
================================================================
* Date:           Fri Nov 11 23:14:24 2022

* Version:        2016.2 (Build 1577090 on Thu Jun 02 16:59:10 MDT 2016)
* Project:        pca.prj
* Solution:       solution1
* Product family: zynq
* Target device:  xc7z020clg484-1


================================================================
== Performance Estimates
================================================================
+ Timing (ns): 
    * Summary: 
    +--------+-------+----------+------------+
    |  Clock | Target| Estimated| Uncertainty|
    +--------+-------+----------+------------+
    |ap_clk  |  10.00|      7.65|        1.25|
    +--------+-------+----------+------------+

+ Latency (clock cycles): 
    * Summary: 
    +-----+-----+-----+-----+---------+
    |  Latency  |  Interval | Pipeline|
    | min | max | min | max |   Type  |
    +-----+-----+-----+-----+---------+
    |    1|   87|    1|   87|   none  |
    +-----+-----+-----+-----+---------+

    + Detail: 
        * Instance: 
        N/A

        * Loop: 
        N/A

============================================================
+ Verbose Summary: Synthesis Manager
============================================================
InlineROM: 1
ExposeGlobal: 0
============================================================
+ Verbose Summary: CDFG Model
============================================================
IsTopModel: 0
ResetActiveHigh: 1
IsCombinational: 0
IsDatapathOnly: 0
HasWiredReturn: 1
HasMFsm: 0
HasVarLatency: 1
IsPipeline: 0
IsRtlPipelined: 0
IsInstanceOverlapped: 0
IsDontTouch: 0
HasImplIP: 0
IsGatedGlobalClock: 0


============================================================
+ Verbose Summary: Schedule
============================================================
* Number of FSM states: 108
* Pipeline: 0
* Dataflow Pipeline: 0

* FSM state transitions: 
1 --> 
	2  / (!demorgan & !demorgan5)
	108  / (demorgan) | (demorgan5)
2 --> 
	3  / true
3 --> 
	4  / true
4 --> 
	5  / true
5 --> 
	6  / true
6 --> 
	7  / true
7 --> 
	8  / true
8 --> 
	9  / true
9 --> 
	10  / true
10 --> 
	11  / true
11 --> 
	12  / true
12 --> 
	13  / true
13 --> 
	14  / true
14 --> 
	15  / true
15 --> 
	16  / true
16 --> 
	17  / true
17 --> 
	18  / true
18 --> 
	19  / true
19 --> 
	20  / true
20 --> 
	21  / true
21 --> 
	22  / true
22 --> 
	23  / true
23 --> 
	24  / true
24 --> 
	25  / true
25 --> 
	26  / true
26 --> 
	27  / true
27 --> 
	28  / true
28 --> 
	29  / true
29 --> 
	30  / true
30 --> 
	31  / true
31 --> 
	32  / true
32 --> 
	33  / true
33 --> 
	34  / true
34 --> 
	35  / true
35 --> 
	36  / true
36 --> 
	37  / true
37 --> 
	38  / true
38 --> 
	39  / true
39 --> 
	40  / true
40 --> 
	41  / true
41 --> 
	42  / true
42 --> 
	43  / true
43 --> 
	44  / true
44 --> 
	45  / (!p_Result_12)
	65  / (p_Result_12)
45 --> 
	46  / true
46 --> 
	47  / true
47 --> 
	48  / true
48 --> 
	49  / true
49 --> 
	50  / true
50 --> 
	51  / true
51 --> 
	52  / true
52 --> 
	53  / true
53 --> 
	54  / true
54 --> 
	55  / true
55 --> 
	56  / true
56 --> 
	57  / true
57 --> 
	58  / true
58 --> 
	59  / true
59 --> 
	60  / true
60 --> 
	61  / true
61 --> 
	62  / true
62 --> 
	63  / true
63 --> 
	64  / true
64 --> 
	85  / true
65 --> 
	66  / true
66 --> 
	67  / true
67 --> 
	68  / true
68 --> 
	69  / true
69 --> 
	70  / true
70 --> 
	71  / true
71 --> 
	72  / true
72 --> 
	73  / true
73 --> 
	74  / true
74 --> 
	75  / true
75 --> 
	76  / true
76 --> 
	77  / true
77 --> 
	78  / true
78 --> 
	79  / true
79 --> 
	80  / true
80 --> 
	81  / true
81 --> 
	82  / true
82 --> 
	83  / true
83 --> 
	84  / true
84 --> 
	85  / true
85 --> 
	86  / true
86 --> 
	87  / true
87 --> 
	88  / true
88 --> 
	89  / true
89 --> 
	90  / true
90 --> 
	91  / true
91 --> 
	92  / true
92 --> 
	93  / true
93 --> 
	94  / true
94 --> 
	95  / true
95 --> 
	96  / true
96 --> 
	97  / true
97 --> 
	98  / true
98 --> 
	99  / true
99 --> 
	100  / true
100 --> 
	101  / true
101 --> 
	102  / true
102 --> 
	103  / true
103 --> 
	104  / true
104 --> 
	105  / true
105 --> 
	106  / true
106 --> 
	107  / true
107 --> 
	108  / true
108 --> 
* FSM state operations: 

 <State 1>: 7.11ns
ST_1: A_im_read [1/1] 1.04ns
:0  %A_im_read = call float @_ssdm_op_Read.ap_auto.float(float %A_im)

ST_1: A_re_read [1/1] 1.04ns
:1  %A_re_read = call float @_ssdm_op_Read.ap_auto.float(float %A_re)

ST_1: p_Val2_s [1/1] 0.00ns
:2  %p_Val2_s = bitcast float %A_re_read to i32

ST_1: loc_V [1/1] 0.00ns
:3  %loc_V = call i8 @_ssdm_op_PartSelect.i8.i32.i32.i32(i32 %p_Val2_s, i32 23, i32 30) nounwind

ST_1: p_Val2_4 [1/1] 0.00ns
:4  %p_Val2_4 = bitcast float %A_im_read to i32

ST_1: loc_V_1 [1/1] 0.00ns
:5  %loc_V_1 = call i8 @_ssdm_op_PartSelect.i8.i32.i32.i32(i32 %p_Val2_4, i32 23, i32 30) nounwind

ST_1: lhs_V_cast [1/1] 0.00ns
:6  %lhs_V_cast = zext i8 %loc_V_1 to i9

ST_1: r_V [1/1] 1.72ns
:7  %r_V = add i9 %lhs_V_cast, 24

ST_1: tmp_i_cast [1/1] 0.00ns
:8  %tmp_i_cast = zext i8 %loc_V to i9

ST_1: ult [1/1] 2.03ns
:9  %ult = icmp ult i9 %r_V, %tmp_i_cast

ST_1: notrhs_i [1/1] 2.00ns
:10  %notrhs_i = icmp eq i8 %loc_V_1, 0

ST_1: demorgan [1/1] 1.37ns
:11  %demorgan = or i1 %ult, %notrhs_i

ST_1: stg_121 [1/1] 0.00ns
:12  br i1 %demorgan, label %1, label %2

ST_1: r_V_1 [1/1] 1.72ns
:0  %r_V_1 = add i9 %tmp_i_cast, 24

ST_1: ult3 [1/1] 2.03ns
:1  %ult3 = icmp ult i9 %r_V_1, %lhs_V_cast

ST_1: notrhs_i1 [1/1] 2.00ns
:2  %notrhs_i1 = icmp eq i8 %loc_V, 0

ST_1: demorgan5 [1/1] 1.37ns
:3  %demorgan5 = or i1 %ult3, %notrhs_i1

ST_1: stg_126 [1/1] 0.00ns
:4  br i1 %demorgan5, label %3, label %4

ST_1: tanThetaA [16/16] 6.08ns
:0  %tanThetaA = fdiv float %A_im_read, %A_re_read

ST_1: p_Result_7 [1/1] 0.00ns
:1  %p_Result_7 = call i1 @_ssdm_op_BitSelect.i1.i32.i32(i32 %p_Val2_s, i32 31)

ST_1: p_Result_10 [1/1] 0.00ns
:0  %p_Result_10 = call i1 @_ssdm_op_BitSelect.i1.i32.i32(i32 %p_Val2_4, i32 31)

ST_1: storemerge1 [1/1] 1.37ns
:1  %storemerge1 = select i1 %p_Result_10, float 0xBFE6A09E60000000, float 0x3FE6A09E60000000

ST_1: stg_131 [1/1] 1.57ns
:2  br label %8

ST_1: p_Result_s [1/1] 0.00ns
:0  %p_Result_s = call i1 @_ssdm_op_BitSelect.i1.i32.i32(i32 %p_Val2_s, i32 31)

ST_1: p_s [1/1] 1.37ns
:1  %p_s = select i1 %p_Result_s, float 0.000000e+00, float 1.000000e+00

ST_1: p_1 [1/1] 1.37ns
:2  %p_1 = select i1 %p_Result_s, float 1.000000e+00, float 0.000000e+00

ST_1: stg_135 [1/1] 1.57ns
:3  br label %8


 <State 2>: 6.08ns
ST_2: tanThetaA [15/16] 6.08ns
:0  %tanThetaA = fdiv float %A_im_read, %A_re_read


 <State 3>: 6.08ns
ST_3: tanThetaA [14/16] 6.08ns
:0  %tanThetaA = fdiv float %A_im_read, %A_re_read


 <State 4>: 6.08ns
ST_4: tanThetaA [13/16] 6.08ns
:0  %tanThetaA = fdiv float %A_im_read, %A_re_read


 <State 5>: 6.08ns
ST_5: tanThetaA [12/16] 6.08ns
:0  %tanThetaA = fdiv float %A_im_read, %A_re_read


 <State 6>: 6.08ns
ST_6: tanThetaA [11/16] 6.08ns
:0  %tanThetaA = fdiv float %A_im_read, %A_re_read


 <State 7>: 6.08ns
ST_7: tanThetaA [10/16] 6.08ns
:0  %tanThetaA = fdiv float %A_im_read, %A_re_read


 <State 8>: 6.08ns
ST_8: tanThetaA [9/16] 6.08ns
:0  %tanThetaA = fdiv float %A_im_read, %A_re_read


 <State 9>: 6.08ns
ST_9: tanThetaA [8/16] 6.08ns
:0  %tanThetaA = fdiv float %A_im_read, %A_re_read


 <State 10>: 6.08ns
ST_10: tanThetaA [7/16] 6.08ns
:0  %tanThetaA = fdiv float %A_im_read, %A_re_read


 <State 11>: 6.08ns
ST_11: tanThetaA [6/16] 6.08ns
:0  %tanThetaA = fdiv float %A_im_read, %A_re_read


 <State 12>: 6.08ns
ST_12: tanThetaA [5/16] 6.08ns
:0  %tanThetaA = fdiv float %A_im_read, %A_re_read


 <State 13>: 6.08ns
ST_13: tanThetaA [4/16] 6.08ns
:0  %tanThetaA = fdiv float %A_im_read, %A_re_read


 <State 14>: 6.08ns
ST_14: tanThetaA [3/16] 6.08ns
:0  %tanThetaA = fdiv float %A_im_read, %A_re_read


 <State 15>: 6.08ns
ST_15: tanThetaA [2/16] 6.08ns
:0  %tanThetaA = fdiv float %A_im_read, %A_re_read


 <State 16>: 6.08ns
ST_16: tanThetaA [1/16] 6.08ns
:0  %tanThetaA = fdiv float %A_im_read, %A_re_read


 <State 17>: 5.70ns
ST_17: tmp_s [4/4] 5.70ns
:4  %tmp_s = fmul float %tanThetaA, %tanThetaA


 <State 18>: 5.70ns
ST_18: tmp_s [3/4] 5.70ns
:4  %tmp_s = fmul float %tanThetaA, %tanThetaA


 <State 19>: 5.70ns
ST_19: tmp_s [2/4] 5.70ns
:4  %tmp_s = fmul float %tanThetaA, %tanThetaA


 <State 20>: 5.70ns
ST_20: tmp_s [1/4] 5.70ns
:4  %tmp_s = fmul float %tanThetaA, %tanThetaA


 <State 21>: 7.26ns
ST_21: x_assign [5/5] 7.26ns
:5  %x_assign = fadd float %tmp_s, 1.000000e+00


 <State 22>: 7.26ns
ST_22: x_assign [4/5] 7.26ns
:5  %x_assign = fadd float %tmp_s, 1.000000e+00


 <State 23>: 7.26ns
ST_23: x_assign [3/5] 7.26ns
:5  %x_assign = fadd float %tmp_s, 1.000000e+00


 <State 24>: 7.26ns
ST_24: x_assign [2/5] 7.26ns
:5  %x_assign = fadd float %tmp_s, 1.000000e+00


 <State 25>: 7.26ns
ST_25: x_assign [1/5] 7.26ns
:5  %x_assign = fadd float %tmp_s, 1.000000e+00


 <State 26>: 7.00ns
ST_26: tmp_i_i [11/11] 7.00ns
:6  %tmp_i_i = call float @_ssdm_op_FRSqrt(float %x_assign) nounwind


 <State 27>: 7.00ns
ST_27: tmp_i_i [10/11] 7.00ns
:6  %tmp_i_i = call float @_ssdm_op_FRSqrt(float %x_assign) nounwind


 <State 28>: 7.00ns
ST_28: tmp_i_i [9/11] 7.00ns
:6  %tmp_i_i = call float @_ssdm_op_FRSqrt(float %x_assign) nounwind


 <State 29>: 7.00ns
ST_29: tmp_i_i [8/11] 7.00ns
:6  %tmp_i_i = call float @_ssdm_op_FRSqrt(float %x_assign) nounwind


 <State 30>: 7.00ns
ST_30: tmp_i_i [7/11] 7.00ns
:6  %tmp_i_i = call float @_ssdm_op_FRSqrt(float %x_assign) nounwind


 <State 31>: 7.00ns
ST_31: tmp_i_i [6/11] 7.00ns
:6  %tmp_i_i = call float @_ssdm_op_FRSqrt(float %x_assign) nounwind


 <State 32>: 7.00ns
ST_32: tmp_i_i [5/11] 7.00ns
:6  %tmp_i_i = call float @_ssdm_op_FRSqrt(float %x_assign) nounwind


 <State 33>: 7.00ns
ST_33: tmp_i_i [4/11] 7.00ns
:6  %tmp_i_i = call float @_ssdm_op_FRSqrt(float %x_assign) nounwind


 <State 34>: 7.00ns
ST_34: tmp_i_i [3/11] 7.00ns
:6  %tmp_i_i = call float @_ssdm_op_FRSqrt(float %x_assign) nounwind


 <State 35>: 7.00ns
ST_35: tmp_i_i [2/11] 7.00ns
:6  %tmp_i_i = call float @_ssdm_op_FRSqrt(float %x_assign) nounwind


 <State 36>: 7.00ns
ST_36: tmp_i_i [1/11] 7.00ns
:6  %tmp_i_i = call float @_ssdm_op_FRSqrt(float %x_assign) nounwind


 <State 37>: 5.70ns
ST_37: p_Result_11 [1/1] 0.00ns
:2  %p_Result_11 = call i32 @_ssdm_op_BitConcatenate.i32.i1.i31(i1 %p_Result_7, i31 1065353216) nounwind

ST_37: ret_i_i_i_i [1/1] 0.00ns
:3  %ret_i_i_i_i = bitcast i32 %p_Result_11 to float

ST_37: cosThetaA_int [4/4] 5.70ns
:7  %cosThetaA_int = fmul float %ret_i_i_i_i, %tmp_i_i


 <State 38>: 5.70ns
ST_38: cosThetaA_int [3/4] 5.70ns
:7  %cosThetaA_int = fmul float %ret_i_i_i_i, %tmp_i_i


 <State 39>: 5.70ns
ST_39: cosThetaA_int [2/4] 5.70ns
:7  %cosThetaA_int = fmul float %ret_i_i_i_i, %tmp_i_i


 <State 40>: 5.70ns
ST_40: cosThetaA_int [1/4] 5.70ns
:7  %cosThetaA_int = fmul float %ret_i_i_i_i, %tmp_i_i


 <State 41>: 5.70ns
ST_41: sinThetaA_int [4/4] 5.70ns
:8  %sinThetaA_int = fmul float %cosThetaA_int, %tanThetaA


 <State 42>: 5.70ns
ST_42: sinThetaA_int [3/4] 5.70ns
:8  %sinThetaA_int = fmul float %cosThetaA_int, %tanThetaA


 <State 43>: 5.70ns
ST_43: sinThetaA_int [2/4] 5.70ns
:8  %sinThetaA_int = fmul float %cosThetaA_int, %tanThetaA


 <State 44>: 7.26ns
ST_44: sinThetaA_int [1/4] 5.70ns
:8  %sinThetaA_int = fmul float %cosThetaA_int, %tanThetaA

ST_44: p_Val2_7 [1/1] 0.00ns
:9  %p_Val2_7 = bitcast float %cosThetaA_int to i32

ST_44: p_Result_12 [1/1] 0.00ns
:10  %p_Result_12 = call i1 @_ssdm_op_BitSelect.i1.i32.i32(i32 %p_Val2_7, i32 31)

ST_44: stg_183 [1/1] 0.00ns
:11  br i1 %p_Result_12, label %5, label %6

ST_44: tmp_45 [5/5] 7.26ns
:0  %tmp_45 = fadd float %cosThetaA_int, 1.000000e+00

ST_44: tmp_44 [5/5] 7.26ns
:0  %tmp_44 = fsub float 1.000000e+00, %cosThetaA_int


 <State 45>: 7.26ns
ST_45: tmp_45 [4/5] 7.26ns
:0  %tmp_45 = fadd float %cosThetaA_int, 1.000000e+00


 <State 46>: 7.26ns
ST_46: tmp_45 [3/5] 7.26ns
:0  %tmp_45 = fadd float %cosThetaA_int, 1.000000e+00


 <State 47>: 7.26ns
ST_47: tmp_45 [2/5] 7.26ns
:0  %tmp_45 = fadd float %cosThetaA_int, 1.000000e+00


 <State 48>: 7.26ns
ST_48: tmp_45 [1/5] 7.26ns
:0  %tmp_45 = fadd float %cosThetaA_int, 1.000000e+00


 <State 49>: 6.08ns
ST_49: tanThetaAdiv2 [16/16] 6.08ns
:1  %tanThetaAdiv2 = fdiv float %sinThetaA_int, %tmp_45


 <State 50>: 6.08ns
ST_50: tanThetaAdiv2 [15/16] 6.08ns
:1  %tanThetaAdiv2 = fdiv float %sinThetaA_int, %tmp_45


 <State 51>: 6.08ns
ST_51: tanThetaAdiv2 [14/16] 6.08ns
:1  %tanThetaAdiv2 = fdiv float %sinThetaA_int, %tmp_45


 <State 52>: 6.08ns
ST_52: tanThetaAdiv2 [13/16] 6.08ns
:1  %tanThetaAdiv2 = fdiv float %sinThetaA_int, %tmp_45


 <State 53>: 6.08ns
ST_53: tanThetaAdiv2 [12/16] 6.08ns
:1  %tanThetaAdiv2 = fdiv float %sinThetaA_int, %tmp_45


 <State 54>: 6.08ns
ST_54: tanThetaAdiv2 [11/16] 6.08ns
:1  %tanThetaAdiv2 = fdiv float %sinThetaA_int, %tmp_45


 <State 55>: 6.08ns
ST_55: tanThetaAdiv2 [10/16] 6.08ns
:1  %tanThetaAdiv2 = fdiv float %sinThetaA_int, %tmp_45


 <State 56>: 6.08ns
ST_56: tanThetaAdiv2 [9/16] 6.08ns
:1  %tanThetaAdiv2 = fdiv float %sinThetaA_int, %tmp_45


 <State 57>: 6.08ns
ST_57: tanThetaAdiv2 [8/16] 6.08ns
:1  %tanThetaAdiv2 = fdiv float %sinThetaA_int, %tmp_45


 <State 58>: 6.08ns
ST_58: tanThetaAdiv2 [7/16] 6.08ns
:1  %tanThetaAdiv2 = fdiv float %sinThetaA_int, %tmp_45


 <State 59>: 6.08ns
ST_59: tanThetaAdiv2 [6/16] 6.08ns
:1  %tanThetaAdiv2 = fdiv float %sinThetaA_int, %tmp_45


 <State 60>: 6.08ns
ST_60: tanThetaAdiv2 [5/16] 6.08ns
:1  %tanThetaAdiv2 = fdiv float %sinThetaA_int, %tmp_45


 <State 61>: 6.08ns
ST_61: tanThetaAdiv2 [4/16] 6.08ns
:1  %tanThetaAdiv2 = fdiv float %sinThetaA_int, %tmp_45


 <State 62>: 6.08ns
ST_62: tanThetaAdiv2 [3/16] 6.08ns
:1  %tanThetaAdiv2 = fdiv float %sinThetaA_int, %tmp_45


 <State 63>: 6.08ns
ST_63: tanThetaAdiv2 [2/16] 6.08ns
:1  %tanThetaAdiv2 = fdiv float %sinThetaA_int, %tmp_45


 <State 64>: 7.65ns
ST_64: tanThetaAdiv2 [1/16] 6.08ns
:1  %tanThetaAdiv2 = fdiv float %sinThetaA_int, %tmp_45

ST_64: stg_206 [1/1] 1.57ns
:2  br label %7


 <State 65>: 7.26ns
ST_65: tmp_44 [4/5] 7.26ns
:0  %tmp_44 = fsub float 1.000000e+00, %cosThetaA_int


 <State 66>: 7.26ns
ST_66: tmp_44 [3/5] 7.26ns
:0  %tmp_44 = fsub float 1.000000e+00, %cosThetaA_int


 <State 67>: 7.26ns
ST_67: tmp_44 [2/5] 7.26ns
:0  %tmp_44 = fsub float 1.000000e+00, %cosThetaA_int


 <State 68>: 7.26ns
ST_68: tmp_44 [1/5] 7.26ns
:0  %tmp_44 = fsub float 1.000000e+00, %cosThetaA_int


 <State 69>: 6.08ns
ST_69: tanThetaAdiv2_1 [16/16] 6.08ns
:1  %tanThetaAdiv2_1 = fdiv float %tmp_44, %sinThetaA_int


 <State 70>: 6.08ns
ST_70: tanThetaAdiv2_1 [15/16] 6.08ns
:1  %tanThetaAdiv2_1 = fdiv float %tmp_44, %sinThetaA_int


 <State 71>: 6.08ns
ST_71: tanThetaAdiv2_1 [14/16] 6.08ns
:1  %tanThetaAdiv2_1 = fdiv float %tmp_44, %sinThetaA_int


 <State 72>: 6.08ns
ST_72: tanThetaAdiv2_1 [13/16] 6.08ns
:1  %tanThetaAdiv2_1 = fdiv float %tmp_44, %sinThetaA_int


 <State 73>: 6.08ns
ST_73: tanThetaAdiv2_1 [12/16] 6.08ns
:1  %tanThetaAdiv2_1 = fdiv float %tmp_44, %sinThetaA_int


 <State 74>: 6.08ns
ST_74: tanThetaAdiv2_1 [11/16] 6.08ns
:1  %tanThetaAdiv2_1 = fdiv float %tmp_44, %sinThetaA_int


 <State 75>: 6.08ns
ST_75: tanThetaAdiv2_1 [10/16] 6.08ns
:1  %tanThetaAdiv2_1 = fdiv float %tmp_44, %sinThetaA_int


 <State 76>: 6.08ns
ST_76: tanThetaAdiv2_1 [9/16] 6.08ns
:1  %tanThetaAdiv2_1 = fdiv float %tmp_44, %sinThetaA_int


 <State 77>: 6.08ns
ST_77: tanThetaAdiv2_1 [8/16] 6.08ns
:1  %tanThetaAdiv2_1 = fdiv float %tmp_44, %sinThetaA_int


 <State 78>: 6.08ns
ST_78: tanThetaAdiv2_1 [7/16] 6.08ns
:1  %tanThetaAdiv2_1 = fdiv float %tmp_44, %sinThetaA_int


 <State 79>: 6.08ns
ST_79: tanThetaAdiv2_1 [6/16] 6.08ns
:1  %tanThetaAdiv2_1 = fdiv float %tmp_44, %sinThetaA_int


 <State 80>: 6.08ns
ST_80: tanThetaAdiv2_1 [5/16] 6.08ns
:1  %tanThetaAdiv2_1 = fdiv float %tmp_44, %sinThetaA_int


 <State 81>: 6.08ns
ST_81: tanThetaAdiv2_1 [4/16] 6.08ns
:1  %tanThetaAdiv2_1 = fdiv float %tmp_44, %sinThetaA_int


 <State 82>: 6.08ns
ST_82: tanThetaAdiv2_1 [3/16] 6.08ns
:1  %tanThetaAdiv2_1 = fdiv float %tmp_44, %sinThetaA_int


 <State 83>: 6.08ns
ST_83: tanThetaAdiv2_1 [2/16] 6.08ns
:1  %tanThetaAdiv2_1 = fdiv float %tmp_44, %sinThetaA_int


 <State 84>: 7.65ns
ST_84: tanThetaAdiv2_1 [1/16] 6.08ns
:1  %tanThetaAdiv2_1 = fdiv float %tmp_44, %sinThetaA_int

ST_84: stg_227 [1/1] 1.57ns
:2  br label %7


 <State 85>: 5.70ns
ST_85: tanThetaAdiv [1/1] 0.00ns
:0  %tanThetaAdiv = phi float [ %tanThetaAdiv2_1, %5 ], [ %tanThetaAdiv2, %6 ]

ST_85: tmp_46 [4/4] 5.70ns
:1  %tmp_46 = fmul float %tanThetaAdiv, %tanThetaAdiv


 <State 86>: 5.70ns
ST_86: tmp_46 [3/4] 5.70ns
:1  %tmp_46 = fmul float %tanThetaAdiv, %tanThetaAdiv


 <State 87>: 5.70ns
ST_87: tmp_46 [2/4] 5.70ns
:1  %tmp_46 = fmul float %tanThetaAdiv, %tanThetaAdiv


 <State 88>: 5.70ns
ST_88: tmp_46 [1/4] 5.70ns
:1  %tmp_46 = fmul float %tanThetaAdiv, %tanThetaAdiv


 <State 89>: 7.26ns
ST_89: x_assign_2 [5/5] 7.26ns
:2  %x_assign_2 = fadd float %tmp_46, 1.000000e+00


 <State 90>: 7.26ns
ST_90: x_assign_2 [4/5] 7.26ns
:2  %x_assign_2 = fadd float %tmp_46, 1.000000e+00


 <State 91>: 7.26ns
ST_91: x_assign_2 [3/5] 7.26ns
:2  %x_assign_2 = fadd float %tmp_46, 1.000000e+00


 <State 92>: 7.26ns
ST_92: x_assign_2 [2/5] 7.26ns
:2  %x_assign_2 = fadd float %tmp_46, 1.000000e+00


 <State 93>: 7.26ns
ST_93: x_assign_2 [1/5] 7.26ns
:2  %x_assign_2 = fadd float %tmp_46, 1.000000e+00


 <State 94>: 7.00ns
ST_94: cosThetaAdiv2_int [11/11] 7.00ns
:3  %cosThetaAdiv2_int = call float @_ssdm_op_FRSqrt(float %x_assign_2) nounwind


 <State 95>: 7.00ns
ST_95: cosThetaAdiv2_int [10/11] 7.00ns
:3  %cosThetaAdiv2_int = call float @_ssdm_op_FRSqrt(float %x_assign_2) nounwind


 <State 96>: 7.00ns
ST_96: cosThetaAdiv2_int [9/11] 7.00ns
:3  %cosThetaAdiv2_int = call float @_ssdm_op_FRSqrt(float %x_assign_2) nounwind


 <State 97>: 7.00ns
ST_97: cosThetaAdiv2_int [8/11] 7.00ns
:3  %cosThetaAdiv2_int = call float @_ssdm_op_FRSqrt(float %x_assign_2) nounwind


 <State 98>: 7.00ns
ST_98: cosThetaAdiv2_int [7/11] 7.00ns
:3  %cosThetaAdiv2_int = call float @_ssdm_op_FRSqrt(float %x_assign_2) nounwind


 <State 99>: 7.00ns
ST_99: cosThetaAdiv2_int [6/11] 7.00ns
:3  %cosThetaAdiv2_int = call float @_ssdm_op_FRSqrt(float %x_assign_2) nounwind


 <State 100>: 7.00ns
ST_100: cosThetaAdiv2_int [5/11] 7.00ns
:3  %cosThetaAdiv2_int = call float @_ssdm_op_FRSqrt(float %x_assign_2) nounwind


 <State 101>: 7.00ns
ST_101: cosThetaAdiv2_int [4/11] 7.00ns
:3  %cosThetaAdiv2_int = call float @_ssdm_op_FRSqrt(float %x_assign_2) nounwind


 <State 102>: 7.00ns
ST_102: cosThetaAdiv2_int [3/11] 7.00ns
:3  %cosThetaAdiv2_int = call float @_ssdm_op_FRSqrt(float %x_assign_2) nounwind


 <State 103>: 7.00ns
ST_103: cosThetaAdiv2_int [2/11] 7.00ns
:3  %cosThetaAdiv2_int = call float @_ssdm_op_FRSqrt(float %x_assign_2) nounwind


 <State 104>: 7.00ns
ST_104: cosThetaAdiv2_int [1/11] 7.00ns
:3  %cosThetaAdiv2_int = call float @_ssdm_op_FRSqrt(float %x_assign_2) nounwind


 <State 105>: 5.70ns
ST_105: tmp_47 [4/4] 5.70ns
:4  %tmp_47 = fmul float %cosThetaAdiv2_int, %tanThetaAdiv


 <State 106>: 5.70ns
ST_106: tmp_47 [3/4] 5.70ns
:4  %tmp_47 = fmul float %cosThetaAdiv2_int, %tanThetaAdiv


 <State 107>: 5.70ns
ST_107: tmp_47 [2/4] 5.70ns
:4  %tmp_47 = fmul float %cosThetaAdiv2_int, %tanThetaAdiv


 <State 108>: 7.27ns
ST_108: tmp_47 [1/4] 5.70ns
:4  %tmp_47 = fmul float %cosThetaAdiv2_int, %tanThetaAdiv

ST_108: stg_253 [1/1] 1.57ns
:5  br label %8

ST_108: cosThetaAdiv2_write_assign [1/1] 0.00ns
:0  %cosThetaAdiv2_write_assign = phi float [ %cosThetaAdiv2_int, %7 ], [ %storemerge1, %3 ], [ %p_s, %1 ]

ST_108: sinThetaAdiv2_write_assign [1/1] 0.00ns
:1  %sinThetaAdiv2_write_assign = phi float [ %tmp_47, %7 ], [ 0x3FE6A09E60000000, %3 ], [ %p_1, %1 ]

ST_108: newret [1/1] 0.00ns
:2  %newret = insertvalue { float, float } undef, float %cosThetaAdiv2_write_assign, 0

ST_108: newret2 [1/1] 0.00ns
:3  %newret2 = insertvalue { float, float } %newret, float %sinThetaAdiv2_write_assign, 1

ST_108: stg_258 [1/1] 0.00ns
:4  ret { float, float } %newret2



============================================================
+ Verbose Summary: Timing violations
============================================================
Target clock period: 10ns, clock uncertainty: 1.25ns.

 No timing violations. 


============================================================
+ Verbose Summary: Binding
============================================================
N/A
* FSMD analyzer results:
  - Output states:
 - Input state : 
  - Chain level:
	State 1
	State 2
	State 3
	State 4
	State 5
	State 6
	State 7
	State 8
	State 9
	State 10
	State 11
	State 12
	State 13
	State 14
	State 15
	State 16
	State 17
	State 18
	State 19
	State 20
	State 21
	State 22
	State 23
	State 24
	State 25
	State 26
	State 27
	State 28
	State 29
	State 30
	State 31
	State 32
	State 33
	State 34
	State 35
	State 36
	State 37
	State 38
	State 39
	State 40
	State 41
	State 42
	State 43
	State 44
	State 45
	State 46
	State 47
	State 48
	State 49
	State 50
	State 51
	State 52
	State 53
	State 54
	State 55
	State 56
	State 57
	State 58
	State 59
	State 60
	State 61
	State 62
	State 63
	State 64
	State 65
	State 66
	State 67
	State 68
	State 69
	State 70
	State 71
	State 72
	State 73
	State 74
	State 75
	State 76
	State 77
	State 78
	State 79
	State 80
	State 81
	State 82
	State 83
	State 84
	State 85
	State 86
	State 87
	State 88
	State 89
	State 90
	State 91
	State 92
	State 93
	State 94
	State 95
	State 96
	State 97
	State 98
	State 99
	State 100
	State 101
	State 102
	State 103
	State 104
	State 105
	State 106
	State 107
	State 108


============================================================
+ Verbose Summary: Datapath Resource usage 
============================================================
N/A
